23:24:03 **** Incremental Build of configuration Debug for project TCS_control_board ****
make -j4 all 
'Building file: ../Src/main.c'
'Invoking: MCU GCC Compiler'
C:\Users\Tymoteusz\Documents\TCS_Project\Projects\TCS_control_board\Debug
arm-none-eabi-gcc -mcpu=cortex-m4 -mthumb -mfloat-abi=hard -mfpu=fpv4-sp-d16 -D__weak=__attribute__((weak)) -D__packed=__attribute__((__packed__)) -DUSE_HAL_DRIVER -DSTM32F401xC -I"C:/Users/Tymoteusz/Documents/TCS_Project/Projects/TCS_control_board/Inc" -I"C:/Users/Tymoteusz/Documents/TCS_Project/Projects/TCS_control_board/Drivers/STM32F4xx_HAL_Driver/Inc" -I"C:/Users/Tymoteusz/Documents/TCS_Project/Projects/TCS_control_board/Drivers/STM32F4xx_HAL_Driver/Inc/Legacy" -I"C:/Users/Tymoteusz/Documents/TCS_Project/Projects/TCS_control_board/Drivers/CMSIS/Device/ST/STM32F4xx/Include" -I"C:/Users/Tymoteusz/Documents/TCS_Project/Projects/TCS_control_board/Drivers/CMSIS/Include" -I"C:/Users/Tymoteusz/Documents/TCS_Project/Projects/TCS_control_board/Inc" -I"C:/Users/Tymoteusz/Documents/TCS_Project/Projects/TCS_control_board/Middlewares/Third_Party/FreeRTOS/Source/portable/GCC/ARM_CM4F" -I"C:/Users/Tymoteusz/Documents/TCS_Project/Projects/TCS_control_board/Middlewares/Third_Party/FreeRTOS/Source/include" -I"C:/Users/Tymoteusz/Documents/TCS_Project/Projects/TCS_control_board/Middlewares/Third_Party/FreeRTOS/Source/CMSIS_RTOS"  -Os -g3 -Wall -fmessage-length=0 -ffunction-sections -c -fmessage-length=0 -MMD -MP -MF"Src/main.d" -MT"Src/main.o" -o "Src/main.o" "../Src/main.c"
'Finished building: ../Src/main.c'
' '
'Building target: TCS_control_board.elf'
'Invoking: MCU GCC Linker'
arm-none-eabi-gcc -mcpu=cortex-m4 -mthumb -mfloat-abi=hard -mfpu=fpv4-sp-d16 -specs=nosys.specs -specs=nano.specs -T"../STM32F401RCTx_FLASH.ld" -Wl,-Map=output.map -Wl,--gc-sections -lm -o "TCS_control_board.elf" @"objects.list"  
'Finished building target: TCS_control_board.elf'
' '
make --no-print-directory post-build
'Generating binary and Printing size information:'
arm-none-eabi-objcopy -O binary "TCS_control_board.elf" "TCS_control_board.bin"
arm-none-eabi-size "TCS_control_board.elf"
   text	   data	    bss	    dec	    hex	filename
  13488	     16	  17728	  31232	   7a00	TCS_control_board.elf
' '

23:24:06 Build Finished (took 3s.78ms)

