Archive member included to satisfy reference by file (symbol)

/home/tymoteusz/Ac6/SystemWorkbench/plugins/fr.ac6.mcu.externaltools.arm-none.linux64_1.13.1.201703061524/tools/compiler/bin/../lib/gcc/arm-none-eabi/5.4.1/../../../../arm-none-eabi/lib/armv7e-m/fpu/libc_nano.a(lib_a-exit.o)
                              /home/tymoteusz/Ac6/SystemWorkbench/plugins/fr.ac6.mcu.externaltools.arm-none.linux64_1.13.1.201703061524/tools/compiler/bin/../lib/gcc/arm-none-eabi/5.4.1/../../../../arm-none-eabi/lib/armv7e-m/fpu/crt0.o (exit)
/home/tymoteusz/Ac6/SystemWorkbench/plugins/fr.ac6.mcu.externaltools.arm-none.linux64_1.13.1.201703061524/tools/compiler/bin/../lib/gcc/arm-none-eabi/5.4.1/../../../../arm-none-eabi/lib/armv7e-m/fpu/libc_nano.a(lib_a-impure.o)
                              /home/tymoteusz/Ac6/SystemWorkbench/plugins/fr.ac6.mcu.externaltools.arm-none.linux64_1.13.1.201703061524/tools/compiler/bin/../lib/gcc/arm-none-eabi/5.4.1/../../../../arm-none-eabi/lib/armv7e-m/fpu/libc_nano.a(lib_a-exit.o) (_global_impure_ptr)
/home/tymoteusz/Ac6/SystemWorkbench/plugins/fr.ac6.mcu.externaltools.arm-none.linux64_1.13.1.201703061524/tools/compiler/bin/../lib/gcc/arm-none-eabi/5.4.1/../../../../arm-none-eabi/lib/armv7e-m/fpu/libc_nano.a(lib_a-init.o)
                              /home/tymoteusz/Ac6/SystemWorkbench/plugins/fr.ac6.mcu.externaltools.arm-none.linux64_1.13.1.201703061524/tools/compiler/bin/../lib/gcc/arm-none-eabi/5.4.1/../../../../arm-none-eabi/lib/armv7e-m/fpu/crt0.o (__libc_init_array)
/home/tymoteusz/Ac6/SystemWorkbench/plugins/fr.ac6.mcu.externaltools.arm-none.linux64_1.13.1.201703061524/tools/compiler/bin/../lib/gcc/arm-none-eabi/5.4.1/../../../../arm-none-eabi/lib/armv7e-m/fpu/libc_nano.a(lib_a-memcpy-stub.o)
                              Middlewares/Third_Party/FreeRTOS/Source/queue.o (memcpy)
/home/tymoteusz/Ac6/SystemWorkbench/plugins/fr.ac6.mcu.externaltools.arm-none.linux64_1.13.1.201703061524/tools/compiler/bin/../lib/gcc/arm-none-eabi/5.4.1/../../../../arm-none-eabi/lib/armv7e-m/fpu/libc_nano.a(lib_a-memset.o)
                              /home/tymoteusz/Ac6/SystemWorkbench/plugins/fr.ac6.mcu.externaltools.arm-none.linux64_1.13.1.201703061524/tools/compiler/bin/../lib/gcc/arm-none-eabi/5.4.1/../../../../arm-none-eabi/lib/armv7e-m/fpu/crt0.o (memset)
/home/tymoteusz/Ac6/SystemWorkbench/plugins/fr.ac6.mcu.externaltools.arm-none.linux64_1.13.1.201703061524/tools/compiler/bin/../lib/gcc/arm-none-eabi/5.4.1/../../../../arm-none-eabi/lib/armv7e-m/fpu/libnosys.a(_exit.o)
                              /home/tymoteusz/Ac6/SystemWorkbench/plugins/fr.ac6.mcu.externaltools.arm-none.linux64_1.13.1.201703061524/tools/compiler/bin/../lib/gcc/arm-none-eabi/5.4.1/../../../../arm-none-eabi/lib/armv7e-m/fpu/libc_nano.a(lib_a-exit.o) (_exit)

Allocating common symbols
Common symbol       size              file

Disp_BCD_StateHandle
                    0x4               Src/freertos.o
hdma_usart2_rx      0x60              Src/My_code/callbacks.o
FrameBuffer2        0x4c              Src/main.o
hdma_memtomem_dma2_stream0
                    0x60              Src/dma.o
htim4               0x3c              Src/tim.o
Rx_whole_frame_buffer
                    0x8               Src/main.o
htim10              0x3c              Src/stm32f4xx_hal_timebase_TIM.o
hcrc                0x8               Src/crc.o
hi2c2               0x54              Src/i2c.o
Reaction_TaskHandle
                    0x4               Src/freertos.o
Disp_BCD_Data       0x5               Src/My_code/BCD_display_driver.o
uwTick              0x4               Drivers/STM32F4xx_HAL_Driver/Src/stm32f4xx_hal.o
xQueueRegistry      0x40              Middlewares/Third_Party/FreeRTOS/Source/queue.o
pFlash              0x20              Drivers/STM32F4xx_HAL_Driver/Src/stm32f4xx_hal_flash.o
FrameBuffer         0x4c              Src/main.o
htim3               0x3c              Src/tim.o
serial_buffer       0x8               Src/My_code/crc.o
hadc1               0x48              Src/adc.o
PID_control_bacHandle
                    0x4               Src/freertos.o
TCS_input_data      0x58              Src/main.o
hdma_memtomem_dma2_stream1
                    0x60              Src/dma.o
htim11              0x3c              Src/tim.o
htim1               0x3c              Src/tim.o
huart6              0x40              Src/usart.o
Display_TaskHandle  0x4               Src/freertos.o
htim2               0x3c              Src/tim.o
huart2              0x40              Src/usart.o

Discarded input sections

 .text          0x00000000        0x0 /home/tymoteusz/Ac6/SystemWorkbench/plugins/fr.ac6.mcu.externaltools.arm-none.linux64_1.13.1.201703061524/tools/compiler/bin/../lib/gcc/arm-none-eabi/5.4.1/armv7e-m/fpu/crti.o
 .data          0x00000000        0x0 /home/tymoteusz/Ac6/SystemWorkbench/plugins/fr.ac6.mcu.externaltools.arm-none.linux64_1.13.1.201703061524/tools/compiler/bin/../lib/gcc/arm-none-eabi/5.4.1/armv7e-m/fpu/crti.o
[...]
Memory Configuration

Name             Origin             Length             Attributes
RAM              0x20000000         0x00010000         xrw
FLASH            0x08000000         0x00020000         xr
*default*        0x00000000         0xffffffff

Linker script and memory map

LOAD /home/tymoteusz/Ac6/SystemWorkbench/plugins/fr.ac6.mcu.externaltools.arm-none.linux64_1.13.1.201703061524/tools/compiler/bin/../lib/gcc/arm-none-eabi/5.4.1/armv7e-m/fpu/crti.o
LOAD /home/tymoteusz/Ac6/SystemWorkbench/plugins/fr.ac6.mcu.externaltools.arm-none.linux64_1.13.1.201703061524/tools/compiler/bin/../lib/gcc/arm-none-eabi/5.4.1/armv7e-m/fpu/crtbegin.o
LOAD /home/tymoteusz/Ac6/SystemWorkbench/plugins/fr.ac6.mcu.externaltools.arm-none.linux64_1.13.1.201703061524/tools/compiler/bin/../lib/gcc/arm-none-eabi/5.4.1/../../../../arm-none-eabi/lib/armv7e-m/fpu/crt0.o
LOAD /home/tymoteusz/Ac6/SystemWorkbench/plugins/fr.ac6.mcu.externaltools.arm-none.linux64_1.13.1.201703061524/tools/compiler/bin/../lib/gcc/arm-none-eabi/5.4.1/../../../../arm-none-eabi/lib/armv7e-m/fpu/libm.a
LOAD Drivers/STM32F4xx_HAL_Driver/Src/stm32f4xx_hal.o
LOAD Drivers/STM32F4xx_HAL_Driver/Src/stm32f4xx_hal_adc.o
LOAD Drivers/STM32F4xx_HAL_Driver/Src/stm32f4xx_hal_adc_ex.o
LOAD Drivers/STM32F4xx_HAL_Driver/Src/stm32f4xx_hal_cortex.o
LOAD Drivers/STM32F4xx_HAL_Driver/Src/stm32f4xx_hal_crc.o
LOAD Drivers/STM32F4xx_HAL_Driver/Src/stm32f4xx_hal_dma.o
LOAD Drivers/STM32F4xx_HAL_Driver/Src/stm32f4xx_hal_dma_ex.o
LOAD Drivers/STM32F4xx_HAL_Driver/Src/stm32f4xx_hal_flash.o
LOAD Drivers/STM32F4xx_HAL_Driver/Src/stm32f4xx_hal_flash_ex.o
LOAD Drivers/STM32F4xx_HAL_Driver/Src/stm32f4xx_hal_flash_ramfunc.o
LOAD Drivers/STM32F4xx_HAL_Driver/Src/stm32f4xx_hal_gpio.o
LOAD Drivers/STM32F4xx_HAL_Driver/Src/stm32f4xx_hal_i2c.o
LOAD Drivers/STM32F4xx_HAL_Driver/Src/stm32f4xx_hal_i2c_ex.o
LOAD Drivers/STM32F4xx_HAL_Driver/Src/stm32f4xx_hal_pwr.o
LOAD Drivers/STM32F4xx_HAL_Driver/Src/stm32f4xx_hal_pwr_ex.o
LOAD Drivers/STM32F4xx_HAL_Driver/Src/stm32f4xx_hal_rcc.o
LOAD Drivers/STM32F4xx_HAL_Driver/Src/stm32f4xx_hal_rcc_ex.o
LOAD Drivers/STM32F4xx_HAL_Driver/Src/stm32f4xx_hal_tim.o
LOAD Drivers/STM32F4xx_HAL_Driver/Src/stm32f4xx_hal_tim_ex.o
LOAD Drivers/STM32F4xx_HAL_Driver/Src/stm32f4xx_hal_uart.o
LOAD Middlewares/Third_Party/FreeRTOS/Source/CMSIS_RTOS/cmsis_os.o
LOAD Middlewares/Third_Party/FreeRTOS/Source/croutine.o
LOAD Middlewares/Third_Party/FreeRTOS/Source/event_groups.o
LOAD Middlewares/Third_Party/FreeRTOS/Source/list.o
LOAD Middlewares/Third_Party/FreeRTOS/Source/queue.o
LOAD Middlewares/Third_Party/FreeRTOS/Source/tasks.o
LOAD Middlewares/Third_Party/FreeRTOS/Source/timers.o
LOAD Middlewares/Third_Party/FreeRTOS/Source/portable/GCC/ARM_CM4F/port.o
LOAD Middlewares/Third_Party/FreeRTOS/Source/portable/MemMang/heap_4.o
LOAD Src/My_code/BCD_display_driver.o
LOAD Src/My_code/callbacks.o
LOAD Src/My_code/crc.o
LOAD Src/My_code/timeout.o
LOAD Src/TIM10_general_task/TIM10_general_task.o
LOAD Src/adc.o
LOAD Src/crc.o
LOAD Src/dma.o
LOAD Src/freertos.o
LOAD Src/gpio.o
LOAD Src/i2c.o
LOAD Src/main.o
LOAD Src/stm32f4xx_hal_msp.o
LOAD Src/stm32f4xx_hal_timebase_TIM.o
LOAD Src/stm32f4xx_it.o
LOAD Src/system_stm32f4xx.o
LOAD Src/tim.o
LOAD Src/usart.o
LOAD startup/startup_stm32f401xc.o
START GROUP
LOAD /home/tymoteusz/Ac6/SystemWorkbench/plugins/fr.ac6.mcu.externaltools.arm-none.linux64_1.13.1.201703061524/tools/compiler/bin/../lib/gcc/arm-none-eabi/5.4.1/armv7e-m/fpu/libgcc.a
LOAD /home/tymoteusz/Ac6/SystemWorkbench/plugins/fr.ac6.mcu.externaltools.arm-none.linux64_1.13.1.201703061524/tools/compiler/bin/../lib/gcc/arm-none-eabi/5.4.1/../../../../arm-none-eabi/lib/armv7e-m/fpu/libc_nano.a
END GROUP
START GROUP
LOAD /home/tymoteusz/Ac6/SystemWorkbench/plugins/fr.ac6.mcu.externaltools.arm-none.linux64_1.13.1.201703061524/tools/compiler/bin/../lib/gcc/arm-none-eabi/5.4.1/armv7e-m/fpu/libgcc.a
LOAD /home/tymoteusz/Ac6/SystemWorkbench/plugins/fr.ac6.mcu.externaltools.arm-none.linux64_1.13.1.201703061524/tools/compiler/bin/../lib/gcc/arm-none-eabi/5.4.1/../../../../arm-none-eabi/lib/armv7e-m/fpu/libc_nano.a
LOAD /home/tymoteusz/Ac6/SystemWorkbench/plugins/fr.ac6.mcu.externaltools.arm-none.linux64_1.13.1.201703061524/tools/compiler/bin/../lib/gcc/arm-none-eabi/5.4.1/../../../../arm-none-eabi/lib/armv7e-m/fpu/libnosys.a
END GROUP
START GROUP
LOAD /home/tymoteusz/Ac6/SystemWorkbench/plugins/fr.ac6.mcu.externaltools.arm-none.linux64_1.13.1.201703061524/tools/compiler/bin/../lib/gcc/arm-none-eabi/5.4.1/armv7e-m/fpu/libgcc.a
LOAD /home/tymoteusz/Ac6/SystemWorkbench/plugins/fr.ac6.mcu.externaltools.arm-none.linux64_1.13.1.201703061524/tools/compiler/bin/../lib/gcc/arm-none-eabi/5.4.1/../../../../arm-none-eabi/lib/armv7e-m/fpu/libc_nano.a
LOAD /home/tymoteusz/Ac6/SystemWorkbench/plugins/fr.ac6.mcu.externaltools.arm-none.linux64_1.13.1.201703061524/tools/compiler/bin/../lib/gcc/arm-none-eabi/5.4.1/../../../../arm-none-eabi/lib/armv7e-m/fpu/libnosys.a
END GROUP
LOAD /home/tymoteusz/Ac6/SystemWorkbench/plugins/fr.ac6.mcu.externaltools.arm-none.linux64_1.13.1.201703061524/tools/compiler/bin/../lib/gcc/arm-none-eabi/5.4.1/armv7e-m/fpu/crtend.o
LOAD /home/tymoteusz/Ac6/SystemWorkbench/plugins/fr.ac6.mcu.externaltools.arm-none.linux64_1.13.1.201703061524/tools/compiler/bin/../lib/gcc/arm-none-eabi/5.4.1/armv7e-m/fpu/crtn.o
                0x20010000                _estack = 0x20010000
                0x00000200                _Min_Heap_Size = 0x200
                0x00000400                _Min_Stack_Size = 0x400

.isr_vector     0x08000000      0x194
                0x08000000                . = ALIGN (0x4)
 *(.isr_vector)
 .isr_vector    0x08000000      0x194 startup/startup_stm32f401xc.o
                0x08000000                g_pfnVectors
                0x08000194                . = ALIGN (0x4)

.text           0x080001a0     0x4724
                0x080001a0                . = ALIGN (0x4)
 *(.text)
 .text          0x080001a0       0x5c /home/tymoteusz/Ac6/SystemWorkbench/plugins/fr.ac6.mcu.externaltools.arm-none.linux64_1.13.1.201703061524/tools/compiler/bin/../lib/gcc/arm-none-eabi/5.4.1/armv7e-m/fpu/crtbegin.o
 *(.text*)
 .text.HAL_Init
                0x080001fc       0x34 Drivers/STM32F4xx_HAL_Driver/Src/stm32f4xx_hal.o
                0x080001fc                HAL_Init
 .text.HAL_IncTick
                0x08000230       0x10 Drivers/STM32F4xx_HAL_Driver/Src/stm32f4xx_hal.o
                0x08000230                HAL_IncTick
 .text.HAL_GetTick
                0x08000240        0xc Drivers/STM32F4xx_HAL_Driver/Src/stm32f4xx_hal.o
                0x08000240                HAL_GetTick
 .text.ADC_Init
                0x0800024c      0x138 Drivers/STM32F4xx_HAL_Driver/Src/stm32f4xx_hal_adc.o
 .text.HAL_ADC_Init
                0x08000384       0x54 Drivers/STM32F4xx_HAL_Driver/Src/stm32f4xx_hal_adc.o
                0x08000384                HAL_ADC_Init
 .text.HAL_ADC_ConfigChannel
                0x080003d8      0x18c Drivers/STM32F4xx_HAL_Driver/Src/stm32f4xx_hal_adc.o
                0x080003d8                HAL_ADC_ConfigChannel
 .text.HAL_NVIC_SetPriorityGrouping
                0x08000564       0x24 Drivers/STM32F4xx_HAL_Driver/Src/stm32f4xx_hal_cortex.o
                0x08000564                HAL_NVIC_SetPriorityGrouping
 .text.HAL_NVIC_SetPriority
                0x08000588       0x64 Drivers/STM32F4xx_HAL_Driver/Src/stm32f4xx_hal_cortex.o
                0x08000588                HAL_NVIC_SetPriority
 .text.HAL_NVIC_EnableIRQ
                0x080005ec       0x18 Drivers/STM32F4xx_HAL_Driver/Src/stm32f4xx_hal_cortex.o
                0x080005ec                HAL_NVIC_EnableIRQ
 .text.HAL_SYSTICK_Config
                0x08000604       0x2c Drivers/STM32F4xx_HAL_Driver/Src/stm32f4xx_hal_cortex.o
                0x08000604                HAL_SYSTICK_Config
 .text.HAL_SYSTICK_CLKSourceConfig
                0x08000630       0x20 Drivers/STM32F4xx_HAL_Driver/Src/stm32f4xx_hal_cortex.o
                0x08000630                HAL_SYSTICK_CLKSourceConfig
 .text.HAL_CRC_Init
                0x08000650       0x28 Drivers/STM32F4xx_HAL_Driver/Src/stm32f4xx_hal_crc.o
                0x08000650                HAL_CRC_Init
 .text.DMA_SetConfig
                0x08000678       0x2c Drivers/STM32F4xx_HAL_Driver/Src/stm32f4xx_hal_dma.o
 .text.DMA_CalcBaseAndBitshift
                0x080006a4       0x3c Drivers/STM32F4xx_HAL_Driver/Src/stm32f4xx_hal_dma.o
 .text.DMA_CheckFifoParam
                0x080006e0       0x90 Drivers/STM32F4xx_HAL_Driver/Src/stm32f4xx_hal_dma.o
 .text.HAL_DMA_Init
                0x08000770       0xd0 Drivers/STM32F4xx_HAL_Driver/Src/stm32f4xx_hal_dma.o
                0x08000770                HAL_DMA_Init
 .text.HAL_DMA_Start_IT
                0x08000840       0x74 Drivers/STM32F4xx_HAL_Driver/Src/stm32f4xx_hal_dma.o
                0x08000840                HAL_DMA_Start_IT
 .text.HAL_DMA_Abort_IT
                0x080008b4       0x28 Drivers/STM32F4xx_HAL_Driver/Src/stm32f4xx_hal_dma.o
                0x080008b4                HAL_DMA_Abort_IT
 .text.HAL_DMA_IRQHandler
                0x080008dc      0x1e0 Drivers/STM32F4xx_HAL_Driver/Src/stm32f4xx_hal_dma.o
                0x080008dc                HAL_DMA_IRQHandler
 .text.HAL_DMA_RegisterCallback
                0x08000abc       0x60 Drivers/STM32F4xx_HAL_Driver/Src/stm32f4xx_hal_dma.o
                0x08000abc                HAL_DMA_RegisterCallback
 .text.HAL_GPIO_Init
                0x08000b1c      0x19c Drivers/STM32F4xx_HAL_Driver/Src/stm32f4xx_hal_gpio.o
                0x08000b1c                HAL_GPIO_Init
 .text.HAL_GPIO_WritePin
                0x08000cb8        0xc Drivers/STM32F4xx_HAL_Driver/Src/stm32f4xx_hal_gpio.o
                0x08000cb8                HAL_GPIO_WritePin
 .text.HAL_GPIO_TogglePin
                0x08000cc4        0x8 Drivers/STM32F4xx_HAL_Driver/Src/stm32f4xx_hal_gpio.o
                0x08000cc4                HAL_GPIO_TogglePin
 .text.HAL_I2C_Init
                0x08000ccc      0x11c Drivers/STM32F4xx_HAL_Driver/Src/stm32f4xx_hal_i2c.o
                0x08000ccc                HAL_I2C_Init
 .text.HAL_RCC_OscConfig
                0x08000de8      0x3c8 Drivers/STM32F4xx_HAL_Driver/Src/stm32f4xx_hal_rcc.o
                0x08000de8                HAL_RCC_OscConfig
 .text.HAL_RCC_GetSysClockFreq
                0x080011b0       0xa4 Drivers/STM32F4xx_HAL_Driver/Src/stm32f4xx_hal_rcc.o
                0x080011b0                HAL_RCC_GetSysClockFreq
 .text.HAL_RCC_ClockConfig
                0x08001254      0x1b0 Drivers/STM32F4xx_HAL_Driver/Src/stm32f4xx_hal_rcc.o
                0x08001254                HAL_RCC_ClockConfig
 .text.HAL_RCC_GetHCLKFreq
                0x08001404        0xc Drivers/STM32F4xx_HAL_Driver/Src/stm32f4xx_hal_rcc.o
                0x08001404                HAL_RCC_GetHCLKFreq
 .text.HAL_RCC_GetPCLK1Freq
                0x08001410       0x30 Drivers/STM32F4xx_HAL_Driver/Src/stm32f4xx_hal_rcc.o
                0x08001410                HAL_RCC_GetPCLK1Freq
 .text.HAL_RCC_GetPCLK2Freq
                0x08001440       0x30 Drivers/STM32F4xx_HAL_Driver/Src/stm32f4xx_hal_rcc.o
                0x08001440                HAL_RCC_GetPCLK2Freq
 .text.HAL_RCC_GetClockConfig
                0x08001470       0x3c Drivers/STM32F4xx_HAL_Driver/Src/stm32f4xx_hal_rcc.o
                0x08001470                HAL_RCC_GetClockConfig
 .text.TIM_OC1_SetConfig
                0x080014ac       0x54 Drivers/STM32F4xx_HAL_Driver/Src/stm32f4xx_hal_tim.o
 .text.TIM_OC3_SetConfig
                0x08001500       0x58 Drivers/STM32F4xx_HAL_Driver/Src/stm32f4xx_hal_tim.o
 .text.TIM_OC4_SetConfig
                0x08001558       0x48 Drivers/STM32F4xx_HAL_Driver/Src/stm32f4xx_hal_tim.o
 .text.TIM_TI1_ConfigInputStage
                0x080015a0       0x28 Drivers/STM32F4xx_HAL_Driver/Src/stm32f4xx_hal_tim.o
 .text.TIM_TI2_ConfigInputStage
                0x080015c8       0x28 Drivers/STM32F4xx_HAL_Driver/Src/stm32f4xx_hal_tim.o
 .text.TIM_ITRx_SetConfig
                0x080015f0       0x10 Drivers/STM32F4xx_HAL_Driver/Src/stm32f4xx_hal_tim.o
 .text.TIM_ETR_SetConfig
                0x08001600       0x1c Drivers/STM32F4xx_HAL_Driver/Src/stm32f4xx_hal_tim.o
 .text.HAL_TIM_Base_Start_IT
                0x0800161c       0x18 Drivers/STM32F4xx_HAL_Driver/Src/stm32f4xx_hal_tim.o
                0x0800161c                HAL_TIM_Base_Start_IT
 .text.HAL_TIM_Encoder_MspInit
                0x08001634        0x4 Drivers/STM32F4xx_HAL_Driver/Src/stm32f4xx_hal_tim.o
                0x08001634                HAL_TIM_Encoder_MspInit
 .text.HAL_TIM_ConfigClockSource
                0x08001638      0x114 Drivers/STM32F4xx_HAL_Driver/Src/stm32f4xx_hal_tim.o
                0x08001638                HAL_TIM_ConfigClockSource
 .text.HAL_TIM_IC_CaptureCallback
                0x0800174c        0x4 Drivers/STM32F4xx_HAL_Driver/Src/stm32f4xx_hal_tim.o
                0x0800174c                HAL_TIM_IC_CaptureCallback
 .text.HAL_TIM_PWM_PulseFinishedCallback
                0x08001750        0x4 Drivers/STM32F4xx_HAL_Driver/Src/stm32f4xx_hal_tim.o
                0x08001750                HAL_TIM_PWM_PulseFinishedCallback
 .text.HAL_TIM_TriggerCallback
                0x08001754        0x4 Drivers/STM32F4xx_HAL_Driver/Src/stm32f4xx_hal_tim.o
                0x08001754                HAL_TIM_TriggerCallback
 .text.HAL_TIM_IRQHandler
                0x08001758      0x174 Drivers/STM32F4xx_HAL_Driver/Src/stm32f4xx_hal_tim.o
                0x08001758                HAL_TIM_IRQHandler
 .text.TIM_Base_SetConfig
                0x080018cc       0xcc Drivers/STM32F4xx_HAL_Driver/Src/stm32f4xx_hal_tim.o
                0x080018cc                TIM_Base_SetConfig
 .text.HAL_TIM_Base_Init
                0x08001998       0x38 Drivers/STM32F4xx_HAL_Driver/Src/stm32f4xx_hal_tim.o
                0x08001998                HAL_TIM_Base_Init
 .text.HAL_TIM_PWM_Init
                0x080019d0       0x38 Drivers/STM32F4xx_HAL_Driver/Src/stm32f4xx_hal_tim.o
                0x080019d0                HAL_TIM_PWM_Init
 .text.HAL_TIM_Encoder_Init
                0x08001a08       0x9c Drivers/STM32F4xx_HAL_Driver/Src/stm32f4xx_hal_tim.o
                0x08001a08                HAL_TIM_Encoder_Init
 .text.TIM_OC2_SetConfig
                0x08001aa4       0x5c Drivers/STM32F4xx_HAL_Driver/Src/stm32f4xx_hal_tim.o
                0x08001aa4                TIM_OC2_SetConfig
 .text.HAL_TIM_PWM_ConfigChannel
                0x08001b00       0xdc Drivers/STM32F4xx_HAL_Driver/Src/stm32f4xx_hal_tim.o
                0x08001b00                HAL_TIM_PWM_ConfigChannel
 .text.HAL_TIMEx_MasterConfigSynchronization
                0x08001bdc       0x54 Drivers/STM32F4xx_HAL_Driver/Src/stm32f4xx_hal_tim_ex.o
                0x08001bdc                HAL_TIMEx_MasterConfigSynchronization
 .text.HAL_TIMEx_ConfigBreakDeadTime
                0x08001c30       0x58 Drivers/STM32F4xx_HAL_Driver/Src/stm32f4xx_hal_tim_ex.o
                0x08001c30                HAL_TIMEx_ConfigBreakDeadTime
 .text.HAL_TIMEx_CommutationCallback
                0x08001c88        0x4 Drivers/STM32F4xx_HAL_Driver/Src/stm32f4xx_hal_tim_ex.o
                0x08001c88                HAL_TIMEx_CommutationCallback
 .text.HAL_TIMEx_BreakCallback
                0x08001c8c        0x4 Drivers/STM32F4xx_HAL_Driver/Src/stm32f4xx_hal_tim_ex.o
                0x08001c8c                HAL_TIMEx_BreakCallback
 .text.UART_EndTxTransfer
                0x08001c90       0x14 Drivers/STM32F4xx_HAL_Driver/Src/stm32f4xx_hal_uart.o
 .text.UART_EndRxTransfer
                0x08001ca4       0x1c Drivers/STM32F4xx_HAL_Driver/Src/stm32f4xx_hal_uart.o
 .text.UART_Transmit_IT
                0x08001cc0       0x6c Drivers/STM32F4xx_HAL_Driver/Src/stm32f4xx_hal_uart.o
 .text.UART_SetConfig
                0x08001d2c      0x32c Drivers/STM32F4xx_HAL_Driver/Src/stm32f4xx_hal_uart.o
 .text.HAL_UART_Init
                0x08002058       0x64 Drivers/STM32F4xx_HAL_Driver/Src/stm32f4xx_hal_uart.o
                0x08002058                HAL_UART_Init
 .text.HAL_UART_Transmit_IT
                0x080020bc       0x48 Drivers/STM32F4xx_HAL_Driver/Src/stm32f4xx_hal_uart.o
                0x080020bc                HAL_UART_Transmit_IT
 .text.HAL_UART_Receive_DMA
                0x08002104       0xa8 Drivers/STM32F4xx_HAL_Driver/Src/stm32f4xx_hal_uart.o
                0x08002104                HAL_UART_Receive_DMA
 .text.HAL_UART_TxCpltCallback
                0x080021ac        0x4 Drivers/STM32F4xx_HAL_Driver/Src/stm32f4xx_hal_uart.o
                0x080021ac                HAL_UART_TxCpltCallback
 .text.UART_EndTransmit_IT
                0x080021b0       0x1c Drivers/STM32F4xx_HAL_Driver/Src/stm32f4xx_hal_uart.o
 .text.UART_DMAReceiveCplt
                0x080021cc       0x40 Drivers/STM32F4xx_HAL_Driver/Src/stm32f4xx_hal_uart.o
 .text.UART_Receive_IT
                0x0800220c       0x94 Drivers/STM32F4xx_HAL_Driver/Src/stm32f4xx_hal_uart.o
 .text.UART_DMARxHalfCplt
                0x080022a0        0xc Drivers/STM32F4xx_HAL_Driver/Src/stm32f4xx_hal_uart.o
 .text.HAL_UART_ErrorCallback
                0x080022ac        0x4 Drivers/STM32F4xx_HAL_Driver/Src/stm32f4xx_hal_uart.o
                0x080022ac                HAL_UART_ErrorCallback
 .text.UART_DMAError
                0x080022b0       0x50 Drivers/STM32F4xx_HAL_Driver/Src/stm32f4xx_hal_uart.o
 .text.HAL_UART_IRQHandler
                0x08002300      0x11c Drivers/STM32F4xx_HAL_Driver/Src/stm32f4xx_hal_uart.o
                0x08002300                HAL_UART_IRQHandler
 .text.UART_DMAAbortOnError
                0x0800241c       0x10 Drivers/STM32F4xx_HAL_Driver/Src/stm32f4xx_hal_uart.o
 .text.makeFreeRtosPriority
                0x0800242c        0xc Middlewares/Third_Party/FreeRTOS/Source/CMSIS_RTOS/cmsis_os.o
 .text.osKernelStart
                0x08002438        0xc Middlewares/Third_Party/FreeRTOS/Source/CMSIS_RTOS/cmsis_os.o
                0x08002438                osKernelStart
 .text.osThreadCreate
                0x08002444       0x34 Middlewares/Third_Party/FreeRTOS/Source/CMSIS_RTOS/cmsis_os.o
                0x08002444                osThreadCreate
 .text.osDelay  0x08002478       0x10 Middlewares/Third_Party/FreeRTOS/Source/CMSIS_RTOS/cmsis_os.o
                0x08002478                osDelay
 .text.osMutexCreate
                0x08002488        0xc Middlewares/Third_Party/FreeRTOS/Source/CMSIS_RTOS/cmsis_os.o
                0x08002488                osMutexCreate
 .text.osSystickHandler
                0x08002494       0x10 Middlewares/Third_Party/FreeRTOS/Source/CMSIS_RTOS/cmsis_os.o
                0x08002494                osSystickHandler
 .text.vListInitialise
                0x080024a4       0x18 Middlewares/Third_Party/FreeRTOS/Source/list.o
                0x080024a4                vListInitialise
 .text.vListInitialiseItem
                0x080024bc        0x8 Middlewares/Third_Party/FreeRTOS/Source/list.o
                0x080024bc                vListInitialiseItem
 .text.vListInsertEnd
                0x080024c4       0x18 Middlewares/Third_Party/FreeRTOS/Source/list.o
                0x080024c4                vListInsertEnd
 .text.vListInsert
                0x080024dc       0x34 Middlewares/Third_Party/FreeRTOS/Source/list.o
                0x080024dc                vListInsert
 .text.uxListRemove
                0x08002510       0x24 Middlewares/Third_Party/FreeRTOS/Source/list.o
                0x08002510                uxListRemove
 .text.prvIsQueueFull
                0x08002534       0x20 Middlewares/Third_Party/FreeRTOS/Source/queue.o
 .text.prvCopyDataToQueue
                0x08002554       0x78 Middlewares/Third_Party/FreeRTOS/Source/queue.o
 .text.prvUnlockQueue
                0x080025cc       0x68 Middlewares/Third_Party/FreeRTOS/Source/queue.o
 .text.xQueueGenericReset
                0x08002634       0x80 Middlewares/Third_Party/FreeRTOS/Source/queue.o
                0x08002634                xQueueGenericReset
 .text.prvInitialiseNewQueue
                0x080026b4       0x24 Middlewares/Third_Party/FreeRTOS/Source/queue.o
 .text.xQueueGenericCreate
                0x080026d8       0x4c Middlewares/Third_Party/FreeRTOS/Source/queue.o
                0x080026d8                xQueueGenericCreate
 .text.xQueueGenericSend
                0x08002724      0x190 Middlewares/Third_Party/FreeRTOS/Source/queue.o
                0x08002724                xQueueGenericSend
 .text.prvInitialiseMutex
                0x080028b4       0x18 Middlewares/Third_Party/FreeRTOS/Source/queue.o
 .text.xQueueCreateMutex
                0x080028cc       0x18 Middlewares/Third_Party/FreeRTOS/Source/queue.o
                0x080028cc                xQueueCreateMutex
 .text.prvResetNextTaskUnblockTime
                0x080028e4       0x2c Middlewares/Third_Party/FreeRTOS/Source/tasks.o
 .text.prvDeleteTCB
                0x08002910       0x14 Middlewares/Third_Party/FreeRTOS/Source/tasks.o
 .text.prvInitialiseNewTask
                0x08002924       0x90 Middlewares/Third_Party/FreeRTOS/Source/tasks.o
 .text.prvInitialiseTaskLists
                0x080029b4       0x58 Middlewares/Third_Party/FreeRTOS/Source/tasks.o
 .text.prvAddNewTaskToReadyList
                0x08002a0c       0xac Middlewares/Third_Party/FreeRTOS/Source/tasks.o
 .text.prvAddCurrentTaskToDelayedList
                0x08002ab8       0x84 Middlewares/Third_Party/FreeRTOS/Source/tasks.o
 .text.xTaskCreate
                0x08002b3c       0x64 Middlewares/Third_Party/FreeRTOS/Source/tasks.o
                0x08002b3c                xTaskCreate
 .text.vTaskStartScheduler
                0x08002ba0       0x74 Middlewares/Third_Party/FreeRTOS/Source/tasks.o
                0x08002ba0                vTaskStartScheduler
 .text.vTaskSuspendAll
                0x08002c14       0x14 Middlewares/Third_Party/FreeRTOS/Source/tasks.o
                0x08002c14                vTaskSuspendAll
 .text.xTaskIncrementTick
                0x08002c28      0x118 Middlewares/Third_Party/FreeRTOS/Source/tasks.o
                0x08002c28                xTaskIncrementTick
 .text.xTaskResumeAll
                0x08002d40       0xf4 Middlewares/Third_Party/FreeRTOS/Source/tasks.o
                0x08002d40                xTaskResumeAll
 .text.vTaskDelay
                0x08002e34       0x50 Middlewares/Third_Party/FreeRTOS/Source/tasks.o
                0x08002e34                vTaskDelay
 .text.prvCheckTasksWaitingTermination
                0x08002e84       0x54 Middlewares/Third_Party/FreeRTOS/Source/tasks.o
 .text.prvIdleTask
                0x08002ed8       0x28 Middlewares/Third_Party/FreeRTOS/Source/tasks.o
 .text.vTaskSwitchContext
                0x08002f00       0x90 Middlewares/Third_Party/FreeRTOS/Source/tasks.o
                0x08002f00                vTaskSwitchContext
 .text.vTaskPlaceOnEventList
                0x08002f90       0x34 Middlewares/Third_Party/FreeRTOS/Source/tasks.o
                0x08002f90                vTaskPlaceOnEventList
 .text.xTaskRemoveFromEventList
                0x08002fc4       0x88 Middlewares/Third_Party/FreeRTOS/Source/tasks.o
                0x08002fc4                xTaskRemoveFromEventList
 .text.vTaskSetTimeOutState
                0x0800304c       0x28 Middlewares/Third_Party/FreeRTOS/Source/tasks.o
                0x0800304c                vTaskSetTimeOutState
 .text.xTaskCheckForTimeOut
                0x08003074       0x80 Middlewares/Third_Party/FreeRTOS/Source/tasks.o
                0x08003074                xTaskCheckForTimeOut
 .text.vTaskMissedYield
                0x080030f4       0x10 Middlewares/Third_Party/FreeRTOS/Source/tasks.o
                0x080030f4                vTaskMissedYield
 .text.xTaskGetSchedulerState
                0x08003104       0x20 Middlewares/Third_Party/FreeRTOS/Source/tasks.o
                0x08003104                xTaskGetSchedulerState
 .text.xTaskPriorityDisinherit
                0x08003124       0xb8 Middlewares/Third_Party/FreeRTOS/Source/tasks.o
                0x08003124                xTaskPriorityDisinherit
 .text.prvTaskExitError
                0x080031dc       0x34 Middlewares/Third_Party/FreeRTOS/Source/portable/GCC/ARM_CM4F/port.o
 .text.prvPortStartFirstTask
                0x08003210       0x20 Middlewares/Third_Party/FreeRTOS/Source/portable/GCC/ARM_CM4F/port.o
 .text.vPortEnableVFP
                0x08003230       0x14 Middlewares/Third_Party/FreeRTOS/Source/portable/GCC/ARM_CM4F/port.o
 .text.pxPortInitialiseStack
                0x08003244       0x2c Middlewares/Third_Party/FreeRTOS/Source/portable/GCC/ARM_CM4F/port.o
                0x08003244                pxPortInitialiseStack
 .text.SVC_Handler
                0x08003270       0x24 Middlewares/Third_Party/FreeRTOS/Source/portable/GCC/ARM_CM4F/port.o
                0x08003270                SVC_Handler
 .text.vPortEnterCritical
                0x08003294       0x44 Middlewares/Third_Party/FreeRTOS/Source/portable/GCC/ARM_CM4F/port.o
                0x08003294                vPortEnterCritical
 .text.vPortExitCritical
                0x080032d8       0x2c Middlewares/Third_Party/FreeRTOS/Source/portable/GCC/ARM_CM4F/port.o
                0x080032d8                vPortExitCritical
 *fill*         0x08003304        0xc 
 .text.PendSV_Handler
                0x08003310       0x64 Middlewares/Third_Party/FreeRTOS/Source/portable/GCC/ARM_CM4F/port.o
                0x08003310                PendSV_Handler
 .text.xPortSysTickHandler
                0x08003374       0x2c Middlewares/Third_Party/FreeRTOS/Source/portable/GCC/ARM_CM4F/port.o
                0x08003374                xPortSysTickHandler
 .text.vPortSetupTimerInterrupt
                0x080033a0       0x2c Middlewares/Third_Party/FreeRTOS/Source/portable/GCC/ARM_CM4F/port.o
                0x080033a0                vPortSetupTimerInterrupt
 .text.xPortStartScheduler
                0x080033cc       0xe8 Middlewares/Third_Party/FreeRTOS/Source/portable/GCC/ARM_CM4F/port.o
                0x080033cc                xPortStartScheduler
 .text.prvHeapInit
                0x080034b4       0x58 Middlewares/Third_Party/FreeRTOS/Source/portable/MemMang/heap_4.o
 .text.prvInsertBlockIntoFreeList
                0x0800350c       0x58 Middlewares/Third_Party/FreeRTOS/Source/portable/MemMang/heap_4.o
 .text.pvPortMalloc
                0x08003564      0x10c Middlewares/Third_Party/FreeRTOS/Source/portable/MemMang/heap_4.o
                0x08003564                pvPortMalloc
 .text.vPortFree
                0x08003670       0x78 Middlewares/Third_Party/FreeRTOS/Source/portable/MemMang/heap_4.o
                0x08003670                vPortFree
 .text.Display_char
                0x080036e8       0x4c Src/My_code/BCD_display_driver.o
                0x080036e8                Display_char
 .text.TransferComplete
                0x08003734       0x30 Src/My_code/callbacks.o
                0x08003734                TransferComplete
 .text.DMA_CRC_COMPLETE_Callback
                0x08003764      0x198 Src/My_code/callbacks.o
                0x08003764                DMA_CRC_COMPLETE_Callback
 .text.HOST_COMMAND_COMPLETE_Callback
                0x080038fc        0x4 Src/My_code/callbacks.o
                0x080038fc                HOST_COMMAND_COMPLETE_Callback
 .text.Timeout_TIM9_Init
                0x08003900       0x48 Src/My_code/timeout.o
                0x08003900                Timeout_TIM9_Init
 .text.Timeout_start
                0x08003948       0x1c Src/My_code/timeout.o
                0x08003948                Timeout_start
 .text.Timeout_abort
                0x08003964       0x14 Src/My_code/timeout.o
                0x08003964                Timeout_abort
 .text.HAL_TIM_OC_DelayElapsedCallback
                0x08003978       0x20 Src/TIM10_general_task/TIM10_general_task.o
                0x08003978                HAL_TIM_OC_DelayElapsedCallback
 .text.MX_ADC1_Init
                0x08003998       0x5c Src/adc.o
                0x08003998                MX_ADC1_Init
 .text.HAL_ADC_MspInit
                0x080039f4       0x5c Src/adc.o
                0x080039f4                HAL_ADC_MspInit
 .text.MX_CRC_Init
                0x08003a50       0x1c Src/crc.o
                0x08003a50                MX_CRC_Init
 .text.HAL_CRC_MspInit
                0x08003a6c       0x30 Src/crc.o
                0x08003a6c                HAL_CRC_MspInit
 .text.MX_DMA_Init
                0x08003a9c       0xe4 Src/dma.o
                0x08003a9c                MX_DMA_Init
 .text.DMA_Reset
                0x08003b80       0x38 Src/dma.o
                0x08003b80                DMA_Reset
 .text.StartDisplay_Task
                0x08003bb8        0xc Src/freertos.o
                0x08003bb8                StartDisplay_Task
 .text.Start_PID_control_back
                0x08003bc4        0xc Src/freertos.o
                0x08003bc4                Start_PID_control_back
 .text.Start_Reaction_Task
                0x08003bd0        0xc Src/freertos.o
                0x08003bd0                Start_Reaction_Task
 .text.MX_FREERTOS_Init
                0x08003bdc       0x78 Src/freertos.o
                0x08003bdc                MX_FREERTOS_Init
 .text.MX_GPIO_Init
                0x08003c54       0x84 Src/gpio.o
                0x08003c54                MX_GPIO_Init
 .text.MX_I2C2_Init
                0x08003cd8       0x38 Src/i2c.o
                0x08003cd8                MX_I2C2_Init
 .text.HAL_I2C_MspInit
                0x08003d10       0x70 Src/i2c.o
                0x08003d10                HAL_I2C_MspInit
 .text.HAL_TIM_PeriodElapsedCallback
                0x08003d80       0x14 Src/main.o
                0x08003d80                HAL_TIM_PeriodElapsedCallback
 .text.Error_Handler
                0x08003d94        0x4 Src/main.o
                0x08003d94                Error_Handler
 .text.SystemClock_Config
                0x08003d98       0xb4 Src/main.o
                0x08003d98                SystemClock_Config
 .text.main     0x08003e4c      0x114 Src/main.o
                0x08003e4c                main
 .text.HAL_MspInit
                0x08003f60       0x60 Src/stm32f4xx_hal_msp.o
                0x08003f60                HAL_MspInit
 .text.HAL_InitTick
                0x08003fc0       0x78 Src/stm32f4xx_hal_timebase_TIM.o
                0x08003fc0                HAL_InitTick
 .text.NMI_Handler
                0x08004038        0x4 Src/stm32f4xx_it.o
                0x08004038                NMI_Handler
 .text.HardFault_Handler
                0x0800403c        0x4 Src/stm32f4xx_it.o
                0x0800403c                HardFault_Handler
 .text.MemManage_Handler
                0x08004040        0x4 Src/stm32f4xx_it.o
                0x08004040                MemManage_Handler
 .text.BusFault_Handler
                0x08004044        0x4 Src/stm32f4xx_it.o
                0x08004044                BusFault_Handler
 .text.UsageFault_Handler
                0x08004048        0x4 Src/stm32f4xx_it.o
                0x08004048                UsageFault_Handler
 .text.DebugMon_Handler
                0x0800404c        0x4 Src/stm32f4xx_it.o
                0x0800404c                DebugMon_Handler
 .text.SysTick_Handler
                0x08004050        0x8 Src/stm32f4xx_it.o
                0x08004050                SysTick_Handler
 .text.DMA1_Stream5_IRQHandler
                0x08004058       0x10 Src/stm32f4xx_it.o
                0x08004058                DMA1_Stream5_IRQHandler
 .text.TIM1_BRK_TIM9_IRQHandler
                0x08004068       0xcc Src/stm32f4xx_it.o
                0x08004068                TIM1_BRK_TIM9_IRQHandler
 .text.TIM1_UP_TIM10_IRQHandler
                0x08004134       0x18 Src/stm32f4xx_it.o
                0x08004134                TIM1_UP_TIM10_IRQHandler
 .text.USART2_IRQHandler
                0x0800414c       0x40 Src/stm32f4xx_it.o
                0x0800414c                USART2_IRQHandler
 .text.DMA2_Stream0_IRQHandler
                0x0800418c       0x10 Src/stm32f4xx_it.o
                0x0800418c                DMA2_Stream0_IRQHandler
 .text.HAL_UART_RxCpltCallback
                0x0800419c       0x30 Src/stm32f4xx_it.o
                0x0800419c                HAL_UART_RxCpltCallback
 .text.HAL_UART_RxHalfCpltCallback
                0x080041cc        0x4 Src/stm32f4xx_it.o
                0x080041cc                HAL_UART_RxHalfCpltCallback
 .text.SystemInit
                0x080041d0       0x4c Src/system_stm32f4xx.o
                0x080041d0                SystemInit
 .text.HAL_TIM_Base_MspInit
                0x0800421c       0x74 Src/tim.o
                0x0800421c                HAL_TIM_Base_MspInit
 .text.HAL_TIM_PWM_MspInit
                0x08004290       0xb0 Src/tim.o
                0x08004290                HAL_TIM_PWM_MspInit
 .text.HAL_TIM_MspPostInit
                0x08004340       0xd8 Src/tim.o
                0x08004340                HAL_TIM_MspPostInit
 .text.MX_TIM1_Init
                0x08004418       0xb0 Src/tim.o
                0x08004418                MX_TIM1_Init
 .text.MX_TIM2_Init
                0x080044c8       0x60 Src/tim.o
                0x080044c8                MX_TIM2_Init
 .text.MX_TIM3_Init
                0x08004528       0x88 Src/tim.o
                0x08004528                MX_TIM3_Init
 .text.MX_TIM4_Init
                0x080045b0       0x88 Src/tim.o
                0x080045b0                MX_TIM4_Init
 .text.MX_TIM11_Init
                0x08004638       0x58 Src/tim.o
                0x08004638                MX_TIM11_Init
 .text.MX_USART2_UART_Init
                0x08004690       0x34 Src/usart.o
                0x08004690                MX_USART2_UART_Init
 .text.MX_USART6_UART_Init
                0x080046c4       0x34 Src/usart.o
                0x080046c4                MX_USART6_UART_Init
 .text.HAL_UART_MspInit
                0x080046f8       0xec Src/usart.o
                0x080046f8                HAL_UART_MspInit
 .text.Reset_Handler
                0x080047e4       0x50 startup/startup_stm32f401xc.o
                0x080047e4                Reset_Handler
 .text.Default_Handler
                0x08004834        0x2 startup/startup_stm32f401xc.o
                0x08004834                RTC_Alarm_IRQHandler
                0x08004834                EXTI2_IRQHandler
                0x08004834                SPI4_IRQHandler
                0x08004834                TIM1_CC_IRQHandler
                0x08004834                DMA2_Stream5_IRQHandler
                0x08004834                PVD_IRQHandler
                0x08004834                SDIO_IRQHandler
                0x08004834                TAMP_STAMP_IRQHandler
                0x08004834                EXTI3_IRQHandler
                0x08004834                I2C3_ER_IRQHandler
                0x08004834                EXTI0_IRQHandler
                0x08004834                I2C2_EV_IRQHandler
                0x08004834                DMA1_Stream2_IRQHandler
                0x08004834                FPU_IRQHandler
                0x08004834                DMA2_Stream2_IRQHandler
                0x08004834                SPI1_IRQHandler
                0x08004834                DMA2_Stream3_IRQHandler
                0x08004834                USART6_IRQHandler
                0x08004834                TIM4_IRQHandler
                0x08004834                I2C1_EV_IRQHandler
                0x08004834                DMA1_Stream6_IRQHandler
                0x08004834                DMA1_Stream1_IRQHandler
                0x08004834                TIM3_IRQHandler
                0x08004834                RCC_IRQHandler
                0x08004834                Default_Handler
                0x08004834                EXTI15_10_IRQHandler
                0x08004834                ADC_IRQHandler
                0x08004834                DMA1_Stream7_IRQHandler
                0x08004834                TIM5_IRQHandler
                0x08004834                DMA2_Stream7_IRQHandler
                0x08004834                I2C3_EV_IRQHandler
                0x08004834                EXTI9_5_IRQHandler
                0x08004834                RTC_WKUP_IRQHandler
                0x08004834                SPI2_IRQHandler
                0x08004834                DMA1_Stream0_IRQHandler
                0x08004834                EXTI4_IRQHandler
                0x08004834                WWDG_IRQHandler
                0x08004834                TIM2_IRQHandler
                0x08004834                OTG_FS_WKUP_IRQHandler
                0x08004834                TIM1_TRG_COM_TIM11_IRQHandler
                0x08004834                EXTI1_IRQHandler
                0x08004834                I2C2_ER_IRQHandler
                0x08004834                DMA2_Stream1_IRQHandler
                0x08004834                FLASH_IRQHandler
                0x08004834                DMA2_Stream4_IRQHandler
                0x08004834                USART1_IRQHandler
                0x08004834                OTG_FS_IRQHandler
                0x08004834                SPI3_IRQHandler
                0x08004834                DMA1_Stream4_IRQHandler
                0x08004834                I2C1_ER_IRQHandler
                0x08004834                DMA2_Stream6_IRQHandler
                0x08004834                DMA1_Stream3_IRQHandler
 *fill*         0x08004836        0x2 
 .text.__libc_init_array
                0x08004838       0x4c /home/tymoteusz/Ac6/SystemWorkbench/plugins/fr.ac6.mcu.externaltools.arm-none.linux64_1.13.1.201703061524/tools/compiler/bin/../lib/gcc/arm-none-eabi/5.4.1/../../../../arm-none-eabi/lib/armv7e-m/fpu/libc_nano.a(lib_a-init.o)
                0x08004838                __libc_init_array
 .text.memcpy   0x08004884       0x16 /home/tymoteusz/Ac6/SystemWorkbench/plugins/fr.ac6.mcu.externaltools.arm-none.linux64_1.13.1.201703061524/tools/compiler/bin/../lib/gcc/arm-none-eabi/5.4.1/../../../../arm-none-eabi/lib/armv7e-m/fpu/libc_nano.a(lib_a-memcpy-stub.o)
                0x08004884                memcpy
 .text.memset   0x0800489a       0x10 /home/tymoteusz/Ac6/SystemWorkbench/plugins/fr.ac6.mcu.externaltools.arm-none.linux64_1.13.1.201703061524/tools/compiler/bin/../lib/gcc/arm-none-eabi/5.4.1/../../../../arm-none-eabi/lib/armv7e-m/fpu/libc_nano.a(lib_a-memset.o)
                0x0800489a                memset
 *(.glue_7)
 .glue_7        0x080048aa        0x0 linker stubs
 *(.glue_7t)
 .glue_7t       0x080048aa        0x0 linker stubs
 *(.eh_frame)
 *fill*         0x080048aa        0x2 
 .eh_frame      0x080048ac        0x0 /home/tymoteusz/Ac6/SystemWorkbench/plugins/fr.ac6.mcu.externaltools.arm-none.linux64_1.13.1.201703061524/tools/compiler/bin/../lib/gcc/arm-none-eabi/5.4.1/armv7e-m/fpu/crtbegin.o
 *(.init)
 .init          0x080048ac        0x4 /home/tymoteusz/Ac6/SystemWorkbench/plugins/fr.ac6.mcu.externaltools.arm-none.linux64_1.13.1.201703061524/tools/compiler/bin/../lib/gcc/arm-none-eabi/5.4.1/armv7e-m/fpu/crti.o
                0x080048ac                _init
 .init          0x080048b0        0x8 /home/tymoteusz/Ac6/SystemWorkbench/plugins/fr.ac6.mcu.externaltools.arm-none.linux64_1.13.1.201703061524/tools/compiler/bin/../lib/gcc/arm-none-eabi/5.4.1/armv7e-m/fpu/crtn.o
 *(.fini)
 .fini          0x080048b8        0x4 /home/tymoteusz/Ac6/SystemWorkbench/plugins/fr.ac6.mcu.externaltools.arm-none.linux64_1.13.1.201703061524/tools/compiler/bin/../lib/gcc/arm-none-eabi/5.4.1/armv7e-m/fpu/crti.o
                0x080048b8                _fini
 .fini          0x080048bc        0x8 /home/tymoteusz/Ac6/SystemWorkbench/plugins/fr.ac6.mcu.externaltools.arm-none.linux64_1.13.1.201703061524/tools/compiler/bin/../lib/gcc/arm-none-eabi/5.4.1/armv7e-m/fpu/crtn.o
                0x080048c4                . = ALIGN (0x4)
                0x080048c4                _etext = .

.vfp11_veneer   0x080048c4        0x0
 .vfp11_veneer  0x080048c4        0x0 linker stubs

.v4_bx          0x080048c4        0x0
 .v4_bx         0x080048c4        0x0 linker stubs

.iplt           0x080048c4        0x0
 .iplt          0x080048c4        0x0 /home/tymoteusz/Ac6/SystemWorkbench/plugins/fr.ac6.mcu.externaltools.arm-none.linux64_1.13.1.201703061524/tools/compiler/bin/../lib/gcc/arm-none-eabi/5.4.1/armv7e-m/fpu/crtbegin.o

.rodata         0x080048c4       0xa8
                0x080048c4                . = ALIGN (0x4)
 *(.rodata)
 .rodata        0x080048c4        0x8 Drivers/STM32F4xx_HAL_Driver/Src/stm32f4xx_hal_dma.o
 .rodata        0x080048cc       0x11 Src/My_code/BCD_display_driver.o
                0x080048cc                font
 *fill*         0x080048dd        0x3 
 .rodata        0x080048e0       0x3c Src/freertos.o
 .rodata        0x0800491c       0x18 Src/system_stm32f4xx.o
                0x0800491c                AHBPrescTable
                0x0800492c                APBPrescTable
 *(.rodata*)
 .rodata.str1.4
                0x08004934        0x5 Middlewares/Third_Party/FreeRTOS/Source/tasks.o
 *fill*         0x08004939        0x3 
 .rodata.str1.4
                0x0800493c       0x30 Src/freertos.o
                                 0x2d (size before relaxing)
                0x0800496c                . = ALIGN (0x4)

.rel.dyn        0x0800496c        0x0
 .rel.iplt      0x0800496c        0x0 /home/tymoteusz/Ac6/SystemWorkbench/plugins/fr.ac6.mcu.externaltools.arm-none.linux64_1.13.1.201703061524/tools/compiler/bin/../lib/gcc/arm-none-eabi/5.4.1/armv7e-m/fpu/crtbegin.o

.ARM.extab
 *(.ARM.extab* .gnu.linkonce.armextab.*)

.ARM            0x0800496c        0x0
                0x0800496c                __exidx_start = .
 *(.ARM.exidx*)
                0x0800496c                __exidx_end = .

.preinit_array  0x0800496c        0x0
                0x0800496c                PROVIDE (__preinit_array_start, .)
 *(.preinit_array*)
                0x0800496c                PROVIDE (__preinit_array_end, .)

.init_array     0x0800496c        0x4
                0x0800496c                PROVIDE (__init_array_start, .)
 *(SORT(.init_array.*))
 *(.init_array*)
 .init_array    0x0800496c        0x4 /home/tymoteusz/Ac6/SystemWorkbench/plugins/fr.ac6.mcu.externaltools.arm-none.linux64_1.13.1.201703061524/tools/compiler/bin/../lib/gcc/arm-none-eabi/5.4.1/armv7e-m/fpu/crtbegin.o
                0x08004970                PROVIDE (__init_array_end, .)

.fini_array     0x08004970        0x4
                [!provide]                PROVIDE (__fini_array_start, .)
 *(SORT(.fini_array.*))
 *(.fini_array*)
 .fini_array    0x08004970        0x4 /home/tymoteusz/Ac6/SystemWorkbench/plugins/fr.ac6.mcu.externaltools.arm-none.linux64_1.13.1.201703061524/tools/compiler/bin/../lib/gcc/arm-none-eabi/5.4.1/armv7e-m/fpu/crtbegin.o
                [!provide]                PROVIDE (__fini_array_end, .)
                0x08004974                _sidata = LOADADDR (.data)

.data           0x20000000       0x18 load address 0x08004974
                0x20000000                . = ALIGN (0x4)
                0x20000000                _sdata = .
 *(.data)
 .data          0x20000000        0x4 Middlewares/Third_Party/FreeRTOS/Source/portable/GCC/ARM_CM4F/port.o
 .data          0x20000004       0x10 Src/main.o
                0x20000004                errorframe2
                0x2000000c                errorframe
 .data          0x20000014        0x4 Src/system_stm32f4xx.o
                0x20000014                SystemCoreClock
 *(.data*)
                0x20000018                . = ALIGN (0x4)
                0x20000018                _edata = .

.jcr            0x20000018        0x0 load address 0x0800498c
 .jcr           0x20000018        0x0 /home/tymoteusz/Ac6/SystemWorkbench/plugins/fr.ac6.mcu.externaltools.arm-none.linux64_1.13.1.201703061524/tools/compiler/bin/../lib/gcc/arm-none-eabi/5.4.1/armv7e-m/fpu/crtbegin.o

.igot.plt       0x20000018        0x0 load address 0x0800498c
 .igot.plt      0x20000018        0x0 /home/tymoteusz/Ac6/SystemWorkbench/plugins/fr.ac6.mcu.externaltools.arm-none.linux64_1.13.1.201703061524/tools/compiler/bin/../lib/gcc/arm-none-eabi/5.4.1/armv7e-m/fpu/crtbegin.o
                0x20000018                . = ALIGN (0x4)

.bss            0x20000018     0x4228 load address 0x0800498c
                0x20000018                _sbss = .
                0x20000018                __bss_start__ = _sbss
 *(.bss)
 .bss           0x20000018       0x1c /home/tymoteusz/Ac6/SystemWorkbench/plugins/fr.ac6.mcu.externaltools.arm-none.linux64_1.13.1.201703061524/tools/compiler/bin/../lib/gcc/arm-none-eabi/5.4.1/armv7e-m/fpu/crtbegin.o
 .bss           0x20000034      0x12c Middlewares/Third_Party/FreeRTOS/Source/tasks.o
                0x20000134                pxCurrentTCB
 .bss           0x20000160        0x8 Middlewares/Third_Party/FreeRTOS/Source/portable/GCC/ARM_CM4F/port.o
 .bss           0x20000168     0x3c18 Middlewares/Third_Party/FreeRTOS/Source/portable/MemMang/heap_4.o
 .bss           0x20003d80        0x3 Src/My_code/timeout.o
                0x20003d80                TimeoutMode
                0x20003d81                TimeoutMessage
                0x20003d82                TimeoutEventFlag
 .bss           0x20003d83        0x4 Src/main.o
                0x20003d83                serial_buffer_counter
                0x20003d84                truth
                0x20003d85                FrameBufferIndicator
                0x20003d86                Rx_single_char
 *(.bss*)
 *(COMMON)
 *fill*         0x20003d87        0x1 
 COMMON         0x20003d88        0x4 Drivers/STM32F4xx_HAL_Driver/Src/stm32f4xx_hal.o
                0x20003d88                uwTick
 COMMON         0x20003d8c       0x60 Src/My_code/callbacks.o
                0x20003d8c                hdma_usart2_rx
 COMMON         0x20003dec       0x48 Src/adc.o
                0x20003dec                hadc1
 COMMON         0x20003e34        0x8 Src/crc.o
                0x20003e34                hcrc
 COMMON         0x20003e3c       0xc0 Src/dma.o
                0x20003e3c                hdma_memtomem_dma2_stream0
                0x20003e9c                hdma_memtomem_dma2_stream1
 COMMON         0x20003efc       0x10 Src/freertos.o
                0x20003efc                Disp_BCD_StateHandle
                0x20003f00                Reaction_TaskHandle
                0x20003f04                PID_control_bacHandle
                0x20003f08                Display_TaskHandle
 COMMON         0x20003f0c       0x54 Src/i2c.o
                0x20003f0c                hi2c2
 COMMON         0x20003f60       0xf8 Src/main.o
                0x20003f60                FrameBuffer2
                0x20003fac                Rx_whole_frame_buffer
                0x20003fb4                FrameBuffer
                0x20004000                TCS_input_data
 COMMON         0x20004058       0x3c Src/stm32f4xx_hal_timebase_TIM.o
                0x20004058                htim10
 COMMON         0x20004094      0x12c Src/tim.o
                0x20004094                htim4
                0x200040d0                htim3
                0x2000410c                htim11
                0x20004148                htim1
                0x20004184                htim2
 COMMON         0x200041c0       0x80 Src/usart.o
                0x200041c0                huart6
                0x20004200                huart2
                0x20004240                . = ALIGN (0x4)
                0x20004240                _ebss = .
                0x20004240                __bss_end__ = _ebss

._user_heap_stack
                0x20004240      0x600 load address 0x0800498c
                0x20004240                . = ALIGN (0x8)
                [!provide]                PROVIDE (end, .)
                [!provide]                PROVIDE (_end, .)
                0x20004440                . = (. + _Min_Heap_Size)
 *fill*         0x20004240      0x200 
                0x20004840                . = (. + _Min_Stack_Size)
 *fill*         0x20004440      0x400 
                0x20004840                . = ALIGN (0x8)

/DISCARD/
 libc.a(*)
 libm.a(*)
 libgcc.a(*)

.ARM.attributes
                0x00000000       0x30
 *(.ARM.attributes)
 .ARM.attributes
                0x00000000       0x22 /home/tymoteusz/Ac6/SystemWorkbench/plugins/fr.ac6.mcu.externaltools.arm-none.linux64_1.13.1.201703061524/tools/compiler/bin/../lib/gcc/arm-none-eabi/5.4.1/armv7e-m/fpu/crti.o
 .ARM.attributes
                0x00000022       0x34 /home/tymoteusz/Ac6/SystemWorkbench/plugins/fr.ac6.mcu.externaltools.arm-none.linux64_1.13.1.201703061524/tools/compiler/bin/../lib/gcc/arm-none-eabi/5.4.1/armv7e-m/fpu/crtbegin.o
 .ARM.attributes
                0x00000056       0x39 Drivers/STM32F4xx_HAL_Driver/Src/stm32f4xx_hal.o
 .ARM.attributes
                0x0000008f       0x39 Drivers/STM32F4xx_HAL_Driver/Src/stm32f4xx_hal_adc.o
 .ARM.attributes
                0x000000c8       0x39 Drivers/STM32F4xx_HAL_Driver/Src/stm32f4xx_hal_cortex.o
 .ARM.attributes
                0x00000101       0x39 Drivers/STM32F4xx_HAL_Driver/Src/stm32f4xx_hal_crc.o
 .ARM.attributes
                0x0000013a       0x39 Drivers/STM32F4xx_HAL_Driver/Src/stm32f4xx_hal_dma.o
 .ARM.attributes
                0x00000173       0x39 Drivers/STM32F4xx_HAL_Driver/Src/stm32f4xx_hal_gpio.o
 .ARM.attributes
                0x000001ac       0x39 Drivers/STM32F4xx_HAL_Driver/Src/stm32f4xx_hal_i2c.o
 .ARM.attributes
                0x000001e5       0x39 Drivers/STM32F4xx_HAL_Driver/Src/stm32f4xx_hal_rcc.o
 .ARM.attributes
                0x0000021e       0x39 Drivers/STM32F4xx_HAL_Driver/Src/stm32f4xx_hal_tim.o
 .ARM.attributes
                0x00000257       0x39 Drivers/STM32F4xx_HAL_Driver/Src/stm32f4xx_hal_tim_ex.o
 .ARM.attributes
                0x00000290       0x39 Drivers/STM32F4xx_HAL_Driver/Src/stm32f4xx_hal_uart.o
 .ARM.attributes
                0x000002c9       0x39 Middlewares/Third_Party/FreeRTOS/Source/CMSIS_RTOS/cmsis_os.o
 .ARM.attributes
                0x00000302       0x39 Middlewares/Third_Party/FreeRTOS/Source/list.o
 .ARM.attributes
                0x0000033b       0x39 Middlewares/Third_Party/FreeRTOS/Source/queue.o
 .ARM.attributes
                0x00000374       0x39 Middlewares/Third_Party/FreeRTOS/Source/tasks.o
 .ARM.attributes
                0x000003ad       0x39 Middlewares/Third_Party/FreeRTOS/Source/portable/GCC/ARM_CM4F/port.o
 .ARM.attributes
                0x000003e6       0x39 Middlewares/Third_Party/FreeRTOS/Source/portable/MemMang/heap_4.o
 .ARM.attributes
                0x0000041f       0x39 Src/My_code/BCD_display_driver.o
 .ARM.attributes
                0x00000458       0x39 Src/My_code/callbacks.o
 .ARM.attributes
                0x00000491       0x39 Src/My_code/timeout.o
 .ARM.attributes
                0x000004ca       0x39 Src/TIM10_general_task/TIM10_general_task.o
 .ARM.attributes
                0x00000503       0x39 Src/adc.o
 .ARM.attributes
                0x0000053c       0x39 Src/crc.o
 .ARM.attributes
                0x00000575       0x39 Src/dma.o
 .ARM.attributes
                0x000005ae       0x39 Src/freertos.o
 .ARM.attributes
                0x000005e7       0x39 Src/gpio.o
 .ARM.attributes
                0x00000620       0x39 Src/i2c.o
 .ARM.attributes
                0x00000659       0x39 Src/main.o
 .ARM.attributes
                0x00000692       0x39 Src/stm32f4xx_hal_msp.o
 .ARM.attributes
                0x000006cb       0x39 Src/stm32f4xx_hal_timebase_TIM.o
 .ARM.attributes
                0x00000704       0x39 Src/stm32f4xx_it.o
 .ARM.attributes
                0x0000073d       0x39 Src/system_stm32f4xx.o
 .ARM.attributes
                0x00000776       0x39 Src/tim.o
 .ARM.attributes
                0x000007af       0x39 Src/usart.o
 .ARM.attributes
                0x000007e8       0x21 startup/startup_stm32f401xc.o
 .ARM.attributes
                0x00000809       0x34 /home/tymoteusz/Ac6/SystemWorkbench/plugins/fr.ac6.mcu.externaltools.arm-none.linux64_1.13.1.201703061524/tools/compiler/bin/../lib/gcc/arm-none-eabi/5.4.1/../../../../arm-none-eabi/lib/armv7e-m/fpu/libc_nano.a(lib_a-init.o)
 .ARM.attributes
                0x0000083d       0x34 /home/tymoteusz/Ac6/SystemWorkbench/plugins/fr.ac6.mcu.externaltools.arm-none.linux64_1.13.1.201703061524/tools/compiler/bin/../lib/gcc/arm-none-eabi/5.4.1/../../../../arm-none-eabi/lib/armv7e-m/fpu/libc_nano.a(lib_a-memcpy-stub.o)
 .ARM.attributes
                0x00000871       0x34 /home/tymoteusz/Ac6/SystemWorkbench/plugins/fr.ac6.mcu.externaltools.arm-none.linux64_1.13.1.201703061524/tools/compiler/bin/../lib/gcc/arm-none-eabi/5.4.1/../../../../arm-none-eabi/lib/armv7e-m/fpu/libc_nano.a(lib_a-memset.o)
 .ARM.attributes
                0x000008a5       0x22 /home/tymoteusz/Ac6/SystemWorkbench/plugins/fr.ac6.mcu.externaltools.arm-none.linux64_1.13.1.201703061524/tools/compiler/bin/../lib/gcc/arm-none-eabi/5.4.1/armv7e-m/fpu/crtn.o
OUTPUT(TCS_control_board_RB.elf elf32-littlearm)

.debug_info     0x00000000    0x1c909
 .debug_info    0x00000000      0x8b6 Drivers/STM32F4xx_HAL_Driver/Src/stm32f4xx_hal.o
 .debug_info    0x000008b6      0xdd0 Drivers/STM32F4xx_HAL_Driver/Src/stm32f4xx_hal_adc.o
 .debug_info    0x00001686      0xe77 Drivers/STM32F4xx_HAL_Driver/Src/stm32f4xx_hal_cortex.o
 .debug_info    0x000024fd      0x3ab Drivers/STM32F4xx_HAL_Driver/Src/stm32f4xx_hal_crc.o
 .debug_info    0x000028a8      0xa5a Drivers/STM32F4xx_HAL_Driver/Src/stm32f4xx_hal_dma.o
 .debug_info    0x00003302      0x753 Drivers/STM32F4xx_HAL_Driver/Src/stm32f4xx_hal_gpio.o
 .debug_info    0x00003a55     0x2e8d Drivers/STM32F4xx_HAL_Driver/Src/stm32f4xx_hal_i2c.o
 .debug_info    0x000068e2      0xd0f Drivers/STM32F4xx_HAL_Driver/Src/stm32f4xx_hal_rcc.o
 .debug_info    0x000075f1     0x2e0c Drivers/STM32F4xx_HAL_Driver/Src/stm32f4xx_hal_tim.o
 .debug_info    0x0000a3fd     0x129d Drivers/STM32F4xx_HAL_Driver/Src/stm32f4xx_hal_tim_ex.o
 .debug_info    0x0000b69a     0x16ac Drivers/STM32F4xx_HAL_Driver/Src/stm32f4xx_hal_uart.o
 .debug_info    0x0000cd46     0x1aff Middlewares/Third_Party/FreeRTOS/Source/CMSIS_RTOS/cmsis_os.o
 .debug_info    0x0000e845      0x2a5 Middlewares/Third_Party/FreeRTOS/Source/list.o
 .debug_info    0x0000eaea     0x1809 Middlewares/Third_Party/FreeRTOS/Source/queue.o
 .debug_info    0x000102f3     0x265f Middlewares/Third_Party/FreeRTOS/Source/tasks.o
 .debug_info    0x00012952      0x534 Middlewares/Third_Party/FreeRTOS/Source/portable/GCC/ARM_CM4F/port.o
 .debug_info    0x00012e86      0x445 Middlewares/Third_Party/FreeRTOS/Source/portable/MemMang/heap_4.o
 .debug_info    0x000132cb      0x234 Src/My_code/BCD_display_driver.o
 .debug_info    0x000134ff      0xb27 Src/My_code/callbacks.o
 .debug_info    0x00014026      0x4af Src/My_code/timeout.o
 .debug_info    0x000144d5      0x67a Src/TIM10_general_task/TIM10_general_task.o
 .debug_info    0x00014b4f      0xa1a Src/adc.o
 .debug_info    0x00015569      0x49e Src/crc.o
 .debug_info    0x00015a07      0x834 Src/dma.o
 .debug_info    0x0001623b      0x46f Src/freertos.o
 .debug_info    0x000166aa      0x49a Src/gpio.o
 .debug_info    0x00016b44      0x9ee Src/i2c.o
 .debug_info    0x00017532     0x138e Src/main.o
 .debug_info    0x000188c0      0x348 Src/stm32f4xx_hal_msp.o
 .debug_info    0x00018c08      0xae0 Src/stm32f4xx_hal_timebase_TIM.o
 .debug_info    0x000196e8      0xc15 Src/stm32f4xx_it.o
 .debug_info    0x0001a2fd      0x52a Src/system_stm32f4xx.o
 .debug_info    0x0001a827     0x1444 Src/tim.o
 .debug_info    0x0001bc6b      0xc1d Src/usart.o
 .debug_info    0x0001c888       0x81 startup/startup_stm32f401xc.o

.debug_abbrev   0x00000000     0x4235
 .debug_abbrev  0x00000000      0x287 Drivers/STM32F4xx_HAL_Driver/Src/stm32f4xx_hal.o
 .debug_abbrev  0x00000287      0x244 Drivers/STM32F4xx_HAL_Driver/Src/stm32f4xx_hal_adc.o
 .debug_abbrev  0x000004cb      0x2fe Drivers/STM32F4xx_HAL_Driver/Src/stm32f4xx_hal_cortex.o
 .debug_abbrev  0x000007c9      0x161 Drivers/STM32F4xx_HAL_Driver/Src/stm32f4xx_hal_crc.o
 .debug_abbrev  0x0000092a      0x256 Drivers/STM32F4xx_HAL_Driver/Src/stm32f4xx_hal_dma.o
 .debug_abbrev  0x00000b80      0x1cd Drivers/STM32F4xx_HAL_Driver/Src/stm32f4xx_hal_gpio.o
 .debug_abbrev  0x00000d4d      0x246 Drivers/STM32F4xx_HAL_Driver/Src/stm32f4xx_hal_i2c.o
 .debug_abbrev  0x00000f93      0x2b0 Drivers/STM32F4xx_HAL_Driver/Src/stm32f4xx_hal_rcc.o
 .debug_abbrev  0x00001243      0x22a Drivers/STM32F4xx_HAL_Driver/Src/stm32f4xx_hal_tim.o
 .debug_abbrev  0x0000146d      0x22a Drivers/STM32F4xx_HAL_Driver/Src/stm32f4xx_hal_tim_ex.o
 .debug_abbrev  0x00001697      0x27e Drivers/STM32F4xx_HAL_Driver/Src/stm32f4xx_hal_uart.o
 .debug_abbrev  0x00001915      0x2fe Middlewares/Third_Party/FreeRTOS/Source/CMSIS_RTOS/cmsis_os.o
 .debug_abbrev  0x00001c13       0xdf Middlewares/Third_Party/FreeRTOS/Source/list.o
 .debug_abbrev  0x00001cf2      0x297 Middlewares/Third_Party/FreeRTOS/Source/queue.o
 .debug_abbrev  0x00001f89      0x309 Middlewares/Third_Party/FreeRTOS/Source/tasks.o
 .debug_abbrev  0x00002292      0x21c Middlewares/Third_Party/FreeRTOS/Source/portable/GCC/ARM_CM4F/port.o
 .debug_abbrev  0x000024ae      0x20d Middlewares/Third_Party/FreeRTOS/Source/portable/MemMang/heap_4.o
 .debug_abbrev  0x000026bb      0x10a Src/My_code/BCD_display_driver.o
 .debug_abbrev  0x000027c5      0x20f Src/My_code/callbacks.o
 .debug_abbrev  0x000029d4      0x125 Src/My_code/timeout.o
 .debug_abbrev  0x00002af9      0x16e Src/TIM10_general_task/TIM10_general_task.o
 .debug_abbrev  0x00002c67      0x1b3 Src/adc.o
 .debug_abbrev  0x00002e1a      0x16f Src/crc.o
 .debug_abbrev  0x00002f89      0x1c5 Src/dma.o
 .debug_abbrev  0x0000314e      0x1cd Src/freertos.o
 .debug_abbrev  0x0000331b      0x148 Src/gpio.o
 .debug_abbrev  0x00003463      0x1b3 Src/i2c.o
 .debug_abbrev  0x00003616      0x23f Src/main.o
 .debug_abbrev  0x00003855       0xc2 Src/stm32f4xx_hal_msp.o
 .debug_abbrev  0x00003917      0x1e3 Src/stm32f4xx_hal_timebase_TIM.o
 .debug_abbrev  0x00003afa      0x275 Src/stm32f4xx_it.o
 .debug_abbrev  0x00003d6f      0x104 Src/system_stm32f4xx.o
 .debug_abbrev  0x00003e73      0x1f4 Src/tim.o
 .debug_abbrev  0x00004067      0x1bc Src/usart.o
 .debug_abbrev  0x00004223       0x12 startup/startup_stm32f401xc.o

.debug_loc      0x00000000     0xe2ec
 .debug_loc     0x00000000       0x91 Drivers/STM32F4xx_HAL_Driver/Src/stm32f4xx_hal.o
 .debug_loc     0x00000091      0x87e Drivers/STM32F4xx_HAL_Driver/Src/stm32f4xx_hal_adc.o
 .debug_loc     0x0000090f      0x548 Drivers/STM32F4xx_HAL_Driver/Src/stm32f4xx_hal_cortex.o
 .debug_loc     0x00000e57      0x159 Drivers/STM32F4xx_HAL_Driver/Src/stm32f4xx_hal_crc.o
 .debug_loc     0x00000fb0      0xa0b Drivers/STM32F4xx_HAL_Driver/Src/stm32f4xx_hal_dma.o
 .debug_loc     0x000019bb      0x39a Drivers/STM32F4xx_HAL_Driver/Src/stm32f4xx_hal_gpio.o
 .debug_loc     0x00001d55     0x2ed2 Drivers/STM32F4xx_HAL_Driver/Src/stm32f4xx_hal_i2c.o
 .debug_loc     0x00004c27      0x622 Drivers/STM32F4xx_HAL_Driver/Src/stm32f4xx_hal_rcc.o
 .debug_loc     0x00005249     0x3284 Drivers/STM32F4xx_HAL_Driver/Src/stm32f4xx_hal_tim.o
 .debug_loc     0x000084cd      0xd74 Drivers/STM32F4xx_HAL_Driver/Src/stm32f4xx_hal_tim_ex.o
 .debug_loc     0x00009241     0x137a Drivers/STM32F4xx_HAL_Driver/Src/stm32f4xx_hal_uart.o
 .debug_loc     0x0000a5bb      0xf68 Middlewares/Third_Party/FreeRTOS/Source/CMSIS_RTOS/cmsis_os.o
 .debug_loc     0x0000b523       0x65 Middlewares/Third_Party/FreeRTOS/Source/list.o
 .debug_loc     0x0000b588      0xe23 Middlewares/Third_Party/FreeRTOS/Source/queue.o
 .debug_loc     0x0000c3ab     0x16a2 Middlewares/Third_Party/FreeRTOS/Source/tasks.o
 .debug_loc     0x0000da4d       0xdc Middlewares/Third_Party/FreeRTOS/Source/portable/GCC/ARM_CM4F/port.o
 .debug_loc     0x0000db29      0x282 Middlewares/Third_Party/FreeRTOS/Source/portable/MemMang/heap_4.o
 .debug_loc     0x0000ddab       0x25 Src/My_code/BCD_display_driver.o
 .debug_loc     0x0000ddd0       0x3e Src/My_code/callbacks.o
 .debug_loc     0x0000de0e       0x21 Src/TIM10_general_task/TIM10_general_task.o
 .debug_loc     0x0000de2f       0x4d Src/adc.o
 .debug_loc     0x0000de7c       0x63 Src/freertos.o
 .debug_loc     0x0000dedf       0x4d Src/i2c.o
 .debug_loc     0x0000df2c       0x21 Src/main.o
 .debug_loc     0x0000df4d       0x6a Src/stm32f4xx_hal_timebase_TIM.o
 .debug_loc     0x0000dfb7       0x36 Src/stm32f4xx_it.o
 .debug_loc     0x0000dfed      0x132 Src/system_stm32f4xx.o
 .debug_loc     0x0000e11f      0x15f Src/tim.o
 .debug_loc     0x0000e27e       0x6e Src/usart.o

.debug_aranges  0x00000000     0x1650
 .debug_aranges
                0x00000000       0xc8 Drivers/STM32F4xx_HAL_Driver/Src/stm32f4xx_hal.o
 .debug_aranges
                0x000000c8       0xe8 Drivers/STM32F4xx_HAL_Driver/Src/stm32f4xx_hal_adc.o
 .debug_aranges
                0x000001b0       0xa8 Drivers/STM32F4xx_HAL_Driver/Src/stm32f4xx_hal_cortex.o
 .debug_aranges
                0x00000258       0x50 Drivers/STM32F4xx_HAL_Driver/Src/stm32f4xx_hal_crc.o
 .debug_aranges
                0x000002a8       0x90 Drivers/STM32F4xx_HAL_Driver/Src/stm32f4xx_hal_dma.o
 .debug_aranges
                0x00000338       0x58 Drivers/STM32F4xx_HAL_Driver/Src/stm32f4xx_hal_gpio.o
 .debug_aranges
                0x00000390      0x268 Drivers/STM32F4xx_HAL_Driver/Src/stm32f4xx_hal_i2c.o
 .debug_aranges
                0x000005f8       0x88 Drivers/STM32F4xx_HAL_Driver/Src/stm32f4xx_hal_rcc.o
 .debug_aranges
                0x00000680      0x368 Drivers/STM32F4xx_HAL_Driver/Src/stm32f4xx_hal_tim.o
 .debug_aranges
                0x000009e8      0x140 Drivers/STM32F4xx_HAL_Driver/Src/stm32f4xx_hal_tim_ex.o
 .debug_aranges
                0x00000b28      0x1d0 Drivers/STM32F4xx_HAL_Driver/Src/stm32f4xx_hal_uart.o
 .debug_aranges
                0x00000cf8      0x1d8 Middlewares/Third_Party/FreeRTOS/Source/CMSIS_RTOS/cmsis_os.o
 .debug_aranges
                0x00000ed0       0x40 Middlewares/Third_Party/FreeRTOS/Source/list.o
 .debug_aranges
                0x00000f10       0xf8 Middlewares/Third_Party/FreeRTOS/Source/queue.o
 .debug_aranges
                0x00001008      0x1c8 Middlewares/Third_Party/FreeRTOS/Source/tasks.o
 .debug_aranges
                0x000011d0       0x80 Middlewares/Third_Party/FreeRTOS/Source/portable/GCC/ARM_CM4F/port.o
 .debug_aranges
                0x00001250       0x50 Middlewares/Third_Party/FreeRTOS/Source/portable/MemMang/heap_4.o
 .debug_aranges
                0x000012a0       0x20 Src/My_code/BCD_display_driver.o
 .debug_aranges
                0x000012c0       0x30 Src/My_code/callbacks.o
 .debug_aranges
                0x000012f0       0x30 Src/My_code/timeout.o
 .debug_aranges
                0x00001320       0x20 Src/TIM10_general_task/TIM10_general_task.o
 .debug_aranges
                0x00001340       0x30 Src/adc.o
 .debug_aranges
                0x00001370       0x30 Src/crc.o
 .debug_aranges
                0x000013a0       0x28 Src/dma.o
 .debug_aranges
                0x000013c8       0x38 Src/freertos.o
 .debug_aranges
                0x00001400       0x20 Src/gpio.o
 .debug_aranges
                0x00001420       0x30 Src/i2c.o
 .debug_aranges
                0x00001450       0x38 Src/main.o
 .debug_aranges
                0x00001488       0x20 Src/stm32f4xx_hal_msp.o
 .debug_aranges
                0x000014a8       0x30 Src/stm32f4xx_hal_timebase_TIM.o
 .debug_aranges
                0x000014d8       0x88 Src/stm32f4xx_it.o
 .debug_aranges
                0x00001560       0x28 Src/system_stm32f4xx.o
 .debug_aranges
                0x00001588       0x68 Src/tim.o
 .debug_aranges
                0x000015f0       0x38 Src/usart.o
 .debug_aranges
                0x00001628       0x28 startup/startup_stm32f401xc.o

.debug_ranges   0x00000000     0x14a8
 .debug_ranges  0x00000000       0xb8 Drivers/STM32F4xx_HAL_Driver/Src/stm32f4xx_hal.o
 .debug_ranges  0x000000b8       0xd8 Drivers/STM32F4xx_HAL_Driver/Src/stm32f4xx_hal_adc.o
 .debug_ranges  0x00000190       0x98 Drivers/STM32F4xx_HAL_Driver/Src/stm32f4xx_hal_cortex.o
 .debug_ranges  0x00000228       0x40 Drivers/STM32F4xx_HAL_Driver/Src/stm32f4xx_hal_crc.o
 .debug_ranges  0x00000268       0x80 Drivers/STM32F4xx_HAL_Driver/Src/stm32f4xx_hal_dma.o
 .debug_ranges  0x000002e8       0x48 Drivers/STM32F4xx_HAL_Driver/Src/stm32f4xx_hal_gpio.o
 .debug_ranges  0x00000330      0x258 Drivers/STM32F4xx_HAL_Driver/Src/stm32f4xx_hal_i2c.o
 .debug_ranges  0x00000588       0x78 Drivers/STM32F4xx_HAL_Driver/Src/stm32f4xx_hal_rcc.o
 .debug_ranges  0x00000600      0x358 Drivers/STM32F4xx_HAL_Driver/Src/stm32f4xx_hal_tim.o
 .debug_ranges  0x00000958      0x130 Drivers/STM32F4xx_HAL_Driver/Src/stm32f4xx_hal_tim_ex.o
 .debug_ranges  0x00000a88      0x1c0 Drivers/STM32F4xx_HAL_Driver/Src/stm32f4xx_hal_uart.o
 .debug_ranges  0x00000c48      0x1c8 Middlewares/Third_Party/FreeRTOS/Source/CMSIS_RTOS/cmsis_os.o
 .debug_ranges  0x00000e10       0x30 Middlewares/Third_Party/FreeRTOS/Source/list.o
 .debug_ranges  0x00000e40      0x130 Middlewares/Third_Party/FreeRTOS/Source/queue.o
 .debug_ranges  0x00000f70      0x1f0 Middlewares/Third_Party/FreeRTOS/Source/tasks.o
 .debug_ranges  0x00001160       0x70 Middlewares/Third_Party/FreeRTOS/Source/portable/GCC/ARM_CM4F/port.o
 .debug_ranges  0x000011d0       0x40 Middlewares/Third_Party/FreeRTOS/Source/portable/MemMang/heap_4.o
 .debug_ranges  0x00001210       0x10 Src/My_code/BCD_display_driver.o
 .debug_ranges  0x00001220       0x20 Src/My_code/callbacks.o
 .debug_ranges  0x00001240       0x20 Src/My_code/timeout.o
 .debug_ranges  0x00001260       0x10 Src/TIM10_general_task/TIM10_general_task.o
 .debug_ranges  0x00001270       0x20 Src/adc.o
 .debug_ranges  0x00001290       0x20 Src/crc.o
 .debug_ranges  0x000012b0       0x18 Src/dma.o
 .debug_ranges  0x000012c8       0x28 Src/freertos.o
 .debug_ranges  0x000012f0       0x10 Src/gpio.o
 .debug_ranges  0x00001300       0x20 Src/i2c.o
 .debug_ranges  0x00001320       0x28 Src/main.o
 .debug_ranges  0x00001348       0x10 Src/stm32f4xx_hal_msp.o
 .debug_ranges  0x00001358       0x20 Src/stm32f4xx_hal_timebase_TIM.o
 .debug_ranges  0x00001378       0x78 Src/stm32f4xx_it.o
 .debug_ranges  0x000013f0       0x18 Src/system_stm32f4xx.o
 .debug_ranges  0x00001408       0x58 Src/tim.o
 .debug_ranges  0x00001460       0x28 Src/usart.o
 .debug_ranges  0x00001488       0x20 startup/startup_stm32f401xc.o

.debug_macro    0x00000000    0x1c3dc
 .debug_macro   0x00000000      0x3aa Drivers/STM32F4xx_HAL_Driver/Src/stm32f4xx_hal.o
 .debug_macro   0x000003aa      0x898 Drivers/STM32F4xx_HAL_Driver/Src/stm32f4xx_hal.o
 .debug_macro   0x00000c42       0xca Drivers/STM32F4xx_HAL_Driver/Src/stm32f4xx_hal.o
 .debug_macro   0x00000d0c      0x192 Drivers/STM32F4xx_HAL_Driver/Src/stm32f4xx_hal.o
 .debug_macro   0x00000e9e       0x33 Drivers/STM32F4xx_HAL_Driver/Src/stm32f4xx_hal.o
 .debug_macro   0x00000ed1       0x28 Drivers/STM32F4xx_HAL_Driver/Src/stm32f4xx_hal.o
 .debug_macro   0x00000ef9       0x22 Drivers/STM32F4xx_HAL_Driver/Src/stm32f4xx_hal.o
 .debug_macro   0x00000f1b       0x87 Drivers/STM32F4xx_HAL_Driver/Src/stm32f4xx_hal.o
 .debug_macro   0x00000fa2       0x44 Drivers/STM32F4xx_HAL_Driver/Src/stm32f4xx_hal.o
 .debug_macro   0x00000fe6       0xfd Drivers/STM32F4xx_HAL_Driver/Src/stm32f4xx_hal.o
 .debug_macro   0x000010e3       0x5e Drivers/STM32F4xx_HAL_Driver/Src/stm32f4xx_hal.o
 .debug_macro   0x00001141      0x1df Drivers/STM32F4xx_HAL_Driver/Src/stm32f4xx_hal.o
 .debug_macro   0x00001320       0x35 Drivers/STM32F4xx_HAL_Driver/Src/stm32f4xx_hal.o
 .debug_macro   0x00001355       0x50 Drivers/STM32F4xx_HAL_Driver/Src/stm32f4xx_hal.o
 .debug_macro   0x000013a5      0xe66 Drivers/STM32F4xx_HAL_Driver/Src/stm32f4xx_hal.o
 .debug_macro   0x0000220b     0xb81f Drivers/STM32F4xx_HAL_Driver/Src/stm32f4xx_hal.o
 .debug_macro   0x0000da2a       0x43 Drivers/STM32F4xx_HAL_Driver/Src/stm32f4xx_hal.o
 .debug_macro   0x0000da6d     0x3574 Drivers/STM32F4xx_HAL_Driver/Src/stm32f4xx_hal.o
 .debug_macro   0x00010fe1       0x52 Drivers/STM32F4xx_HAL_Driver/Src/stm32f4xx_hal.o
 .debug_macro   0x00011033       0x35 Drivers/STM32F4xx_HAL_Driver/Src/stm32f4xx_hal.o
 .debug_macro   0x00011068       0x9c Drivers/STM32F4xx_HAL_Driver/Src/stm32f4xx_hal.o
 .debug_macro   0x00011104       0x16 Drivers/STM32F4xx_HAL_Driver/Src/stm32f4xx_hal.o
 .debug_macro   0x0001111a       0x97 Drivers/STM32F4xx_HAL_Driver/Src/stm32f4xx_hal.o
 .debug_macro   0x000111b1      0x30d Drivers/STM32F4xx_HAL_Driver/Src/stm32f4xx_hal.o
 .debug_macro   0x000114be       0xfd Drivers/STM32F4xx_HAL_Driver/Src/stm32f4xx_hal.o
 .debug_macro   0x000115bb       0x10 Drivers/STM32F4xx_HAL_Driver/Src/stm32f4xx_hal.o
 .debug_macro   0x000115cb       0x52 Drivers/STM32F4xx_HAL_Driver/Src/stm32f4xx_hal.o
 .debug_macro   0x0001161d       0x1f Drivers/STM32F4xx_HAL_Driver/Src/stm32f4xx_hal.o
 .debug_macro   0x0001163c       0x43 Drivers/STM32F4xx_HAL_Driver/Src/stm32f4xx_hal.o
 .debug_macro   0x0001167f       0x20 Drivers/STM32F4xx_HAL_Driver/Src/stm32f4xx_hal.o
 .debug_macro   0x0001169f      0x187 Drivers/STM32F4xx_HAL_Driver/Src/stm32f4xx_hal.o
 .debug_macro   0x00011826       0x10 Drivers/STM32F4xx_HAL_Driver/Src/stm32f4xx_hal.o
 .debug_macro   0x00011836       0x1c Drivers/STM32F4xx_HAL_Driver/Src/stm32f4xx_hal.o
 .debug_macro   0x00011852       0x52 Drivers/STM32F4xx_HAL_Driver/Src/stm32f4xx_hal.o
 .debug_macro   0x000118a4       0x40 Drivers/STM32F4xx_HAL_Driver/Src/stm32f4xx_hal.o
 .debug_macro   0x000118e4       0x10 Drivers/STM32F4xx_HAL_Driver/Src/stm32f4xx_hal.o
 .debug_macro   0x000118f4       0x40 Drivers/STM32F4xx_HAL_Driver/Src/stm32f4xx_hal.o
 .debug_macro   0x00011934       0xd7 Drivers/STM32F4xx_HAL_Driver/Src/stm32f4xx_hal.o
 .debug_macro   0x00011a0b       0x16 Drivers/STM32F4xx_HAL_Driver/Src/stm32f4xx_hal.o
 .debug_macro   0x00011a21      0x18b Drivers/STM32F4xx_HAL_Driver/Src/stm32f4xx_hal.o
 .debug_macro   0x00011bac       0x50 Drivers/STM32F4xx_HAL_Driver/Src/stm32f4xx_hal.o
 .debug_macro   0x00011bfc      0x416 Drivers/STM32F4xx_HAL_Driver/Src/stm32f4xx_hal.o
 .debug_macro   0x00012012      0x9e1 Drivers/STM32F4xx_HAL_Driver/Src/stm32f4xx_hal.o
 .debug_macro   0x000129f3      0x11e Drivers/STM32F4xx_HAL_Driver/Src/stm32f4xx_hal.o
 .debug_macro   0x00012b11       0xf8 Drivers/STM32F4xx_HAL_Driver/Src/stm32f4xx_hal.o
 .debug_macro   0x00012c09       0x27 Drivers/STM32F4xx_HAL_Driver/Src/stm32f4xx_hal.o
 .debug_macro   0x00012c30      0x287 Drivers/STM32F4xx_HAL_Driver/Src/stm32f4xx_hal.o
 .debug_macro   0x00012eb7       0x5f Drivers/STM32F4xx_HAL_Driver/Src/stm32f4xx_hal.o
 .debug_macro   0x00012f16      0x23a Drivers/STM32F4xx_HAL_Driver/Src/stm32f4xx_hal.o
 .debug_macro   0x00013150      0x391 Drivers/STM32F4xx_HAL_Driver/Src/stm32f4xx_hal.o
 .debug_macro   0x000134e1      0x176 Drivers/STM32F4xx_HAL_Driver/Src/stm32f4xx_hal.o
 .debug_macro   0x00013657       0xf9 Drivers/STM32F4xx_HAL_Driver/Src/stm32f4xx_hal.o
 .debug_macro   0x00013750       0x23 Drivers/STM32F4xx_HAL_Driver/Src/stm32f4xx_hal.o
 .debug_macro   0x00013773      0x13a Drivers/STM32F4xx_HAL_Driver/Src/stm32f4xx_hal.o
 .debug_macro   0x000138ad      0x23a Drivers/STM32F4xx_HAL_Driver/Src/stm32f4xx_hal.o
 .debug_macro   0x00013ae7       0x2e Drivers/STM32F4xx_HAL_Driver/Src/stm32f4xx_hal.o
 .debug_macro   0x00013b15      0x1a7 Drivers/STM32F4xx_HAL_Driver/Src/stm32f4xx_hal.o
 .debug_macro   0x00013cbc       0x22 Drivers/STM32F4xx_HAL_Driver/Src/stm32f4xx_hal.o
 .debug_macro   0x00013cde       0xa5 Drivers/STM32F4xx_HAL_Driver/Src/stm32f4xx_hal.o
 .debug_macro   0x00013d83      0x11e Drivers/STM32F4xx_HAL_Driver/Src/stm32f4xx_hal.o
 .debug_macro   0x00013ea1       0x85 Drivers/STM32F4xx_HAL_Driver/Src/stm32f4xx_hal.o
 .debug_macro   0x00013f26       0x89 Drivers/STM32F4xx_HAL_Driver/Src/stm32f4xx_hal.o
 .debug_macro   0x00013faf      0x6e0 Drivers/STM32F4xx_HAL_Driver/Src/stm32f4xx_hal.o
 .debug_macro   0x0001468f       0x5b Drivers/STM32F4xx_HAL_Driver/Src/stm32f4xx_hal.o
 .debug_macro   0x000146ea      0x14d Drivers/STM32F4xx_HAL_Driver/Src/stm32f4xx_hal.o
 .debug_macro   0x00014837      0x287 Drivers/STM32F4xx_HAL_Driver/Src/stm32f4xx_hal.o
 .debug_macro   0x00014abe      0x11e Drivers/STM32F4xx_HAL_Driver/Src/stm32f4xx_hal.o
 .debug_macro   0x00014bdc      0x34b Drivers/STM32F4xx_HAL_Driver/Src/stm32f4xx_hal_adc.o
 .debug_macro   0x00014f27      0x34a Drivers/STM32F4xx_HAL_Driver/Src/stm32f4xx_hal_cortex.o
 .debug_macro   0x00015271      0x34a Drivers/STM32F4xx_HAL_Driver/Src/stm32f4xx_hal_crc.o
 .debug_macro   0x000155bb      0x351 Drivers/STM32F4xx_HAL_Driver/Src/stm32f4xx_hal_dma.o
 .debug_macro   0x0001590c      0x382 Drivers/STM32F4xx_HAL_Driver/Src/stm32f4xx_hal_gpio.o
 .debug_macro   0x00015c8e      0x38a Drivers/STM32F4xx_HAL_Driver/Src/stm32f4xx_hal_i2c.o
 .debug_macro   0x00016018      0x374 Drivers/STM32F4xx_HAL_Driver/Src/stm32f4xx_hal_rcc.o
 .debug_macro   0x0001638c      0x34b Drivers/STM32F4xx_HAL_Driver/Src/stm32f4xx_hal_tim.o
 .debug_macro   0x000166d7      0x34a Drivers/STM32F4xx_HAL_Driver/Src/stm32f4xx_hal_tim_ex.o
 .debug_macro   0x00016a21      0x34b Drivers/STM32F4xx_HAL_Driver/Src/stm32f4xx_hal_uart.o
 .debug_macro   0x00016d6c      0x1f5 Middlewares/Third_Party/FreeRTOS/Source/CMSIS_RTOS/cmsis_os.o
 .debug_macro   0x00016f61       0x4c Middlewares/Third_Party/FreeRTOS/Source/CMSIS_RTOS/cmsis_os.o
 .debug_macro   0x00016fad       0x8d Middlewares/Third_Party/FreeRTOS/Source/CMSIS_RTOS/cmsis_os.o
 .debug_macro   0x0001703a      0x174 Middlewares/Third_Party/FreeRTOS/Source/CMSIS_RTOS/cmsis_os.o
 .debug_macro   0x000171ae       0x4a Middlewares/Third_Party/FreeRTOS/Source/CMSIS_RTOS/cmsis_os.o
 .debug_macro   0x000171f8       0x10 Middlewares/Third_Party/FreeRTOS/Source/CMSIS_RTOS/cmsis_os.o
 .debug_macro   0x00017208       0x35 Middlewares/Third_Party/FreeRTOS/Source/CMSIS_RTOS/cmsis_os.o
 .debug_macro   0x0001723d       0xd2 Middlewares/Third_Party/FreeRTOS/Source/CMSIS_RTOS/cmsis_os.o
 .debug_macro   0x0001730f      0x168 Middlewares/Third_Party/FreeRTOS/Source/CMSIS_RTOS/cmsis_os.o
 .debug_macro   0x00017477       0xeb Middlewares/Third_Party/FreeRTOS/Source/CMSIS_RTOS/cmsis_os.o
 .debug_macro   0x00017562       0x10 Middlewares/Third_Party/FreeRTOS/Source/CMSIS_RTOS/cmsis_os.o
 .debug_macro   0x00017572       0x1f Middlewares/Third_Party/FreeRTOS/Source/CMSIS_RTOS/cmsis_os.o
 .debug_macro   0x00017591      0x408 Middlewares/Third_Party/FreeRTOS/Source/CMSIS_RTOS/cmsis_os.o
 .debug_macro   0x00017999       0xc0 Middlewares/Third_Party/FreeRTOS/Source/CMSIS_RTOS/cmsis_os.o
 .debug_macro   0x00017a59       0x8c Middlewares/Third_Party/FreeRTOS/Source/CMSIS_RTOS/cmsis_os.o
 .debug_macro   0x00017ae5       0x91 Middlewares/Third_Party/FreeRTOS/Source/CMSIS_RTOS/cmsis_os.o
 .debug_macro   0x00017b76       0x94 Middlewares/Third_Party/FreeRTOS/Source/CMSIS_RTOS/cmsis_os.o
 .debug_macro   0x00017c0a       0x63 Middlewares/Third_Party/FreeRTOS/Source/CMSIS_RTOS/cmsis_os.o
 .debug_macro   0x00017c6d       0xcf Middlewares/Third_Party/FreeRTOS/Source/CMSIS_RTOS/cmsis_os.o
 .debug_macro   0x00017d3c       0x26 Middlewares/Third_Party/FreeRTOS/Source/CMSIS_RTOS/cmsis_os.o
 .debug_macro   0x00017d62      0x18b Middlewares/Third_Party/FreeRTOS/Source/list.o
 .debug_macro   0x00017eed      0x207 Middlewares/Third_Party/FreeRTOS/Source/queue.o
 .debug_macro   0x000180f4       0x16 Middlewares/Third_Party/FreeRTOS/Source/queue.o
 .debug_macro   0x0001810a      0x26a Middlewares/Third_Party/FreeRTOS/Source/tasks.o
 .debug_macro   0x00018374       0x11 Middlewares/Third_Party/FreeRTOS/Source/tasks.o
 .debug_macro   0x00018385      0x1ad Middlewares/Third_Party/FreeRTOS/Source/portable/GCC/ARM_CM4F/port.o
 .debug_macro   0x00018532      0x1b2 Middlewares/Third_Party/FreeRTOS/Source/portable/MemMang/heap_4.o
 .debug_macro   0x000186e4      0x413 Src/My_code/BCD_display_driver.o
 .debug_macro   0x00018af7       0x3b Src/My_code/BCD_display_driver.o
 .debug_macro   0x00018b32       0xd8 Src/My_code/BCD_display_driver.o
 .debug_macro   0x00018c0a       0x6a Src/My_code/BCD_display_driver.o
 .debug_macro   0x00018c74      0x460 Src/My_code/callbacks.o
 .debug_macro   0x000190d4       0x58 Src/My_code/callbacks.o
 .debug_macro   0x0001912c      0x40e Src/My_code/timeout.o
 .debug_macro   0x0001953a      0x358 Src/TIM10_general_task/TIM10_general_task.o
 .debug_macro   0x00019892      0x35e Src/adc.o
 .debug_macro   0x00019bf0      0x354 Src/crc.o
 .debug_macro   0x00019f44      0x354 Src/dma.o
 .debug_macro   0x0001a298      0x137 Src/freertos.o
 .debug_macro   0x0001a3cf      0x354 Src/gpio.o
 .debug_macro   0x0001a723      0x35e Src/i2c.o
 .debug_macro   0x0001aa81      0x48c Src/main.o
 .debug_macro   0x0001af0d      0x34a Src/stm32f4xx_hal_msp.o
 .debug_macro   0x0001b257      0x34a Src/stm32f4xx_hal_timebase_TIM.o
 .debug_macro   0x0001b5a1      0x425 Src/stm32f4xx_it.o
 .debug_macro   0x0001b9c6      0x350 Src/system_stm32f4xx.o
 .debug_macro   0x0001bd16      0x35e Src/tim.o
 .debug_macro   0x0001c074      0x368 Src/usart.o

.debug_line     0x00000000    0x17853
 .debug_line    0x00000000      0xa3f Drivers/STM32F4xx_HAL_Driver/Src/stm32f4xx_hal.o
 .debug_line    0x00000a3f      0xcdb Drivers/STM32F4xx_HAL_Driver/Src/stm32f4xx_hal_adc.o
 .debug_line    0x0000171a      0xa9c Drivers/STM32F4xx_HAL_Driver/Src/stm32f4xx_hal_cortex.o
 .debug_line    0x000021b6      0x989 Drivers/STM32F4xx_HAL_Driver/Src/stm32f4xx_hal_crc.o
 .debug_line    0x00002b3f      0xb9f Drivers/STM32F4xx_HAL_Driver/Src/stm32f4xx_hal_dma.o
 .debug_line    0x000036de      0x9f6 Drivers/STM32F4xx_HAL_Driver/Src/stm32f4xx_hal_gpio.o
 .debug_line    0x000040d4     0x18d9 Drivers/STM32F4xx_HAL_Driver/Src/stm32f4xx_hal_i2c.o
 .debug_line    0x000059ad      0xbbc Drivers/STM32F4xx_HAL_Driver/Src/stm32f4xx_hal_rcc.o
 .debug_line    0x00006569     0x1752 Drivers/STM32F4xx_HAL_Driver/Src/stm32f4xx_hal_tim.o
 .debug_line    0x00007cbb      0xe36 Drivers/STM32F4xx_HAL_Driver/Src/stm32f4xx_hal_tim_ex.o
 .debug_line    0x00008af1     0x1139 Drivers/STM32F4xx_HAL_Driver/Src/stm32f4xx_hal_uart.o
 .debug_line    0x00009c2a      0xbfd Middlewares/Third_Party/FreeRTOS/Source/CMSIS_RTOS/cmsis_os.o
 .debug_line    0x0000a827      0x5c8 Middlewares/Third_Party/FreeRTOS/Source/list.o
 .debug_line    0x0000adef      0xb14 Middlewares/Third_Party/FreeRTOS/Source/queue.o
 .debug_line    0x0000b903      0xf67 Middlewares/Third_Party/FreeRTOS/Source/tasks.o
 .debug_line    0x0000c86a      0x65a Middlewares/Third_Party/FreeRTOS/Source/portable/GCC/ARM_CM4F/port.o
 .debug_line    0x0000cec4      0x683 Middlewares/Third_Party/FreeRTOS/Source/portable/MemMang/heap_4.o
 .debug_line    0x0000d547      0xb76 Src/My_code/BCD_display_driver.o
 .debug_line    0x0000e0bd      0xc17 Src/My_code/callbacks.o
 .debug_line    0x0000ecd4      0xb1c Src/My_code/timeout.o
 .debug_line    0x0000f7f0      0x8b5 Src/TIM10_general_task/TIM10_general_task.o
 .debug_line    0x000100a5      0x8d8 Src/adc.o
 .debug_line    0x0001097d      0x8b1 Src/crc.o
 .debug_line    0x0001122e      0x8c7 Src/dma.o
 .debug_line    0x00011af5      0x61d Src/freertos.o
 .debug_line    0x00012112      0x899 Src/gpio.o
 .debug_line    0x000129ab      0x8d2 Src/i2c.o
 .debug_line    0x0001327d      0xc3d Src/main.o
 .debug_line    0x00013eba      0x895 Src/stm32f4xx_hal_msp.o
 .debug_line    0x0001474f      0x8c8 Src/stm32f4xx_hal_timebase_TIM.o
 .debug_line    0x00015017      0xbfd Src/stm32f4xx_it.o
 .debug_line    0x00015c14      0x8b8 Src/system_stm32f4xx.o
 .debug_line    0x000164cc      0x9fe Src/tim.o
 .debug_line    0x00016eca      0x90a Src/usart.o
 .debug_line    0x000177d4       0x7f startup/startup_stm32f401xc.o

.debug_str      0x00000000    0x95469
 .debug_str     0x00000000    0x88b4b Drivers/STM32F4xx_HAL_Driver/Src/stm32f4xx_hal.o
                              0x88ee0 (size before relaxing)
 .debug_str     0x00088b4b      0x692 Drivers/STM32F4xx_HAL_Driver/Src/stm32f4xx_hal_adc.o
                              0x88b45 (size before relaxing)
 .debug_str     0x000891dd      0x39e Drivers/STM32F4xx_HAL_Driver/Src/stm32f4xx_hal_cortex.o
                              0x88c96 (size before relaxing)
 .debug_str     0x0008957b      0x164 Drivers/STM32F4xx_HAL_Driver/Src/stm32f4xx_hal_crc.o
                              0x8858c (size before relaxing)
 .debug_str     0x000896df      0x2ff Drivers/STM32F4xx_HAL_Driver/Src/stm32f4xx_hal_dma.o
                              0x8897d (size before relaxing)
 .debug_str     0x000899de      0x281 Drivers/STM32F4xx_HAL_Driver/Src/stm32f4xx_hal_gpio.o
                              0x8879d (size before relaxing)
 .debug_str     0x00089c5f      0xcb5 Drivers/STM32F4xx_HAL_Driver/Src/stm32f4xx_hal_i2c.o
                              0x893a6 (size before relaxing)
 .debug_str     0x0008a914      0x387 Drivers/STM32F4xx_HAL_Driver/Src/stm32f4xx_hal_rcc.o
                              0x8899a (size before relaxing)
 .debug_str     0x0008ac9b      0xe6b Drivers/STM32F4xx_HAL_Driver/Src/stm32f4xx_hal_tim.o
                              0x89581 (size before relaxing)
 .debug_str     0x0008bb06      0x4f4 Drivers/STM32F4xx_HAL_Driver/Src/stm32f4xx_hal_tim_ex.o
                              0x88e41 (size before relaxing)
 .debug_str     0x0008bffa      0x6b9 Drivers/STM32F4xx_HAL_Driver/Src/stm32f4xx_hal_uart.o
                              0x88dd0 (size before relaxing)
 .debug_str     0x0008c6b3     0x5b7d Middlewares/Third_Party/FreeRTOS/Source/CMSIS_RTOS/cmsis_os.o
                               0xbe0f (size before relaxing)
 .debug_str     0x00092230      0x22a Middlewares/Third_Party/FreeRTOS/Source/list.o
                               0x9223 (size before relaxing)
 .debug_str     0x0009245a      0x730 Middlewares/Third_Party/FreeRTOS/Source/queue.o
                               0xa8aa (size before relaxing)
 .debug_str     0x00092b8a     0x10d4 Middlewares/Third_Party/FreeRTOS/Source/tasks.o
                               0xb4c2 (size before relaxing)
 .debug_str     0x00093c5e      0x77c Middlewares/Third_Party/FreeRTOS/Source/portable/GCC/ARM_CM4F/port.o
                               0x77de (size before relaxing)
 .debug_str     0x000943da      0x243 Middlewares/Third_Party/FreeRTOS/Source/portable/MemMang/heap_4.o
                               0x9963 (size before relaxing)
 .debug_str     0x0009461d      0x492 Src/My_code/BCD_display_driver.o
                              0x8d8c0 (size before relaxing)
 .debug_str     0x00094aaf      0x391 Src/My_code/callbacks.o
                              0x8e0a9 (size before relaxing)
 .debug_str     0x00094e40       0x81 Src/My_code/timeout.o
                              0x8d63a (size before relaxing)
 .debug_str     0x00094ec1       0x41 Src/TIM10_general_task/TIM10_general_task.o
                              0x88846 (size before relaxing)
 .debug_str     0x00094f02       0x4b Src/adc.o
                              0x889d9 (size before relaxing)
 .debug_str     0x00094f4d       0x2c Src/crc.o
                              0x8861d (size before relaxing)
 .debug_str     0x00094f79       0x3b Src/dma.o
                              0x88b63 (size before relaxing)
 .debug_str     0x00094fb4      0x128 Src/freertos.o
                               0x8db1 (size before relaxing)
 .debug_str     0x000950dc       0x1b Src/gpio.o
                              0x88571 (size before relaxing)
 .debug_str     0x000950f7       0x33 Src/i2c.o
                              0x88aab (size before relaxing)
 .debug_str     0x0009512a       0xcb Src/main.o
                              0x8ea1e (size before relaxing)
 .debug_str     0x000951f5       0x1b Src/stm32f4xx_hal_msp.o
                              0x8874b (size before relaxing)
 .debug_str     0x00095210       0x62 Src/stm32f4xx_hal_timebase_TIM.o
                              0x88dd7 (size before relaxing)
 .debug_str     0x00095272      0x111 Src/stm32f4xx_it.o
                              0x8dddf (size before relaxing)
 .debug_str     0x00095383       0x5a Src/system_stm32f4xx.o
                              0x88585 (size before relaxing)
 .debug_str     0x000953dd       0x6b Src/tim.o
                              0x89131 (size before relaxing)
 .debug_str     0x00095448       0x21 Src/usart.o
                              0x88de9 (size before relaxing)

.comment        0x00000000       0x6e
 .comment       0x00000000       0x6e Drivers/STM32F4xx_HAL_Driver/Src/stm32f4xx_hal.o
                                 0x6f (size before relaxing)
 .comment       0x0000006e       0x6f Drivers/STM32F4xx_HAL_Driver/Src/stm32f4xx_hal_adc.o
 .comment       0x0000006e       0x6f Drivers/STM32F4xx_HAL_Driver/Src/stm32f4xx_hal_cortex.o
 .comment       0x0000006e       0x6f Drivers/STM32F4xx_HAL_Driver/Src/stm32f4xx_hal_crc.o
 .comment       0x0000006e       0x6f Drivers/STM32F4xx_HAL_Driver/Src/stm32f4xx_hal_dma.o
 .comment       0x0000006e       0x6f Drivers/STM32F4xx_HAL_Driver/Src/stm32f4xx_hal_gpio.o
 .comment       0x0000006e       0x6f Drivers/STM32F4xx_HAL_Driver/Src/stm32f4xx_hal_i2c.o
 .comment       0x0000006e       0x6f Drivers/STM32F4xx_HAL_Driver/Src/stm32f4xx_hal_rcc.o
 .comment       0x0000006e       0x6f Drivers/STM32F4xx_HAL_Driver/Src/stm32f4xx_hal_tim.o
 .comment       0x0000006e       0x6f Drivers/STM32F4xx_HAL_Driver/Src/stm32f4xx_hal_tim_ex.o
 .comment       0x0000006e       0x6f Drivers/STM32F4xx_HAL_Driver/Src/stm32f4xx_hal_uart.o
 .comment       0x0000006e       0x6f Middlewares/Third_Party/FreeRTOS/Source/CMSIS_RTOS/cmsis_os.o
 .comment       0x0000006e       0x6f Middlewares/Third_Party/FreeRTOS/Source/list.o
 .comment       0x0000006e       0x6f Middlewares/Third_Party/FreeRTOS/Source/queue.o
 .comment       0x0000006e       0x6f Middlewares/Third_Party/FreeRTOS/Source/tasks.o
 .comment       0x0000006e       0x6f Middlewares/Third_Party/FreeRTOS/Source/portable/GCC/ARM_CM4F/port.o
 .comment       0x0000006e       0x6f Middlewares/Third_Party/FreeRTOS/Source/portable/MemMang/heap_4.o
 .comment       0x0000006e       0x6f Src/My_code/BCD_display_driver.o
 .comment       0x0000006e       0x6f Src/My_code/callbacks.o
 .comment       0x0000006e       0x6f Src/My_code/timeout.o
 .comment       0x0000006e       0x6f Src/TIM10_general_task/TIM10_general_task.o
 .comment       0x0000006e       0x6f Src/adc.o
 .comment       0x0000006e       0x6f Src/crc.o
 .comment       0x0000006e       0x6f Src/dma.o
 .comment       0x0000006e       0x6f Src/freertos.o
 .comment       0x0000006e       0x6f Src/gpio.o
 .comment       0x0000006e       0x6f Src/i2c.o
 .comment       0x0000006e       0x6f Src/main.o
 .comment       0x0000006e       0x6f Src/stm32f4xx_hal_msp.o
 .comment       0x0000006e       0x6f Src/stm32f4xx_hal_timebase_TIM.o
 .comment       0x0000006e       0x6f Src/stm32f4xx_it.o
 .comment       0x0000006e       0x6f Src/system_stm32f4xx.o
 .comment       0x0000006e       0x6f Src/tim.o
 .comment       0x0000006e       0x6f Src/usart.o

.debug_frame    0x00000000     0x3b04
 .debug_frame   0x00000000      0x198 Drivers/STM32F4xx_HAL_Driver/Src/stm32f4xx_hal.o
 .debug_frame   0x00000198      0x25c Drivers/STM32F4xx_HAL_Driver/Src/stm32f4xx_hal_adc.o
 .debug_frame   0x000003f4      0x154 Drivers/STM32F4xx_HAL_Driver/Src/stm32f4xx_hal_cortex.o
 .debug_frame   0x00000548       0xc8 Drivers/STM32F4xx_HAL_Driver/Src/stm32f4xx_hal_crc.o
 .debug_frame   0x00000610      0x184 Drivers/STM32F4xx_HAL_Driver/Src/stm32f4xx_hal_dma.o
 .debug_frame   0x00000794       0xc4 Drivers/STM32F4xx_HAL_Driver/Src/stm32f4xx_hal_gpio.o
 .debug_frame   0x00000858      0x808 Drivers/STM32F4xx_HAL_Driver/Src/stm32f4xx_hal_i2c.o
 .debug_frame   0x00001060      0x150 Drivers/STM32F4xx_HAL_Driver/Src/stm32f4xx_hal_rcc.o
 .debug_frame   0x000011b0      0x9cc Drivers/STM32F4xx_HAL_Driver/Src/stm32f4xx_hal_tim.o
 .debug_frame   0x00001b7c      0x3b0 Drivers/STM32F4xx_HAL_Driver/Src/stm32f4xx_hal_tim_ex.o
 .debug_frame   0x00001f2c      0x4e8 Drivers/STM32F4xx_HAL_Driver/Src/stm32f4xx_hal_uart.o
 .debug_frame   0x00002414      0x56c Middlewares/Third_Party/FreeRTOS/Source/CMSIS_RTOS/cmsis_os.o
 .debug_frame   0x00002980       0x6c Middlewares/Third_Party/FreeRTOS/Source/list.o
 .debug_frame   0x000029ec      0x2cc Middlewares/Third_Party/FreeRTOS/Source/queue.o
 .debug_frame   0x00002cb8      0x57c Middlewares/Third_Party/FreeRTOS/Source/tasks.o
 .debug_frame   0x00003234       0xf0 Middlewares/Third_Party/FreeRTOS/Source/portable/GCC/ARM_CM4F/port.o
 .debug_frame   0x00003324       0xac Middlewares/Third_Party/FreeRTOS/Source/portable/MemMang/heap_4.o
 .debug_frame   0x000033d0       0x20 Src/My_code/BCD_display_driver.o
 .debug_frame   0x000033f0       0x50 Src/My_code/callbacks.o
 .debug_frame   0x00003440       0x40 Src/My_code/timeout.o
 .debug_frame   0x00003480       0x28 Src/TIM10_general_task/TIM10_general_task.o
 .debug_frame   0x000034a8       0x6c Src/adc.o
 .debug_frame   0x00003514       0x50 Src/crc.o
 .debug_frame   0x00003564       0x3c Src/dma.o
 .debug_frame   0x000035a0       0x7c Src/freertos.o
 .debug_frame   0x0000361c       0x30 Src/gpio.o
 .debug_frame   0x0000364c       0x6c Src/i2c.o
 .debug_frame   0x000036b8       0x6c Src/main.o
 .debug_frame   0x00003724       0x28 Src/stm32f4xx_hal_msp.o
 .debug_frame   0x0000374c       0x50 Src/stm32f4xx_hal_timebase_TIM.o
 .debug_frame   0x0000379c      0x128 Src/stm32f4xx_it.o
 .debug_frame   0x000038c4       0x30 Src/system_stm32f4xx.o
 .debug_frame   0x000038f4      0x124 Src/tim.o
 .debug_frame   0x00003a18       0x78 Src/usart.o
 .debug_frame   0x00003a90       0x2c /home/tymoteusz/Ac6/SystemWorkbench/plugins/fr.ac6.mcu.externaltools.arm-none.linux64_1.13.1.201703061524/tools/compiler/bin/../lib/gcc/arm-none-eabi/5.4.1/../../../../arm-none-eabi/lib/armv7e-m/fpu/libc_nano.a(lib_a-init.o)
 .debug_frame   0x00003abc       0x28 /home/tymoteusz/Ac6/SystemWorkbench/plugins/fr.ac6.mcu.externaltools.arm-none.linux64_1.13.1.201703061524/tools/compiler/bin/../lib/gcc/arm-none-eabi/5.4.1/../../../../arm-none-eabi/lib/armv7e-m/fpu/libc_nano.a(lib_a-memcpy-stub.o)
 .debug_frame   0x00003ae4       0x20 /home/tymoteusz/Ac6/SystemWorkbench/plugins/fr.ac6.mcu.externaltools.arm-none.linux64_1.13.1.201703061524/tools/compiler/bin/../lib/gcc/arm-none-eabi/5.4.1/../../../../arm-none-eabi/lib/armv7e-m/fpu/libc_nano.a(lib_a-memset.o)
